Archive member included to satisfy reference by file (symbol)

C:/Users/lucad/OneDrive/Desktop/SCUOLA/SCUOLA a.s. 2025_26 IV^/STM32/STM32CubeIDE_2.0.0/STM32CubeIDE/plugins/com.st.stm32cube.ide.mcu.externaltools.gnu-tools-for-stm32.13.3.rel1.win32_1.0.100.202509120712/tools/bin/../lib/gcc/arm-none-eabi/13.3.1/../../../../arm-none-eabi/lib/thumb/v6-m/nofp\libc_nano.a(libc_a-exit.o)
                              C:/Users/lucad/OneDrive/Desktop/SCUOLA/SCUOLA a.s. 2025_26 IV^/STM32/STM32CubeIDE_2.0.0/STM32CubeIDE/plugins/com.st.stm32cube.ide.mcu.externaltools.gnu-tools-for-stm32.13.3.rel1.win32_1.0.100.202509120712/tools/bin/../lib/gcc/arm-none-eabi/13.3.1/../../../../arm-none-eabi/lib/thumb/v6-m/nofp/crt0.o (exit)
C:/Users/lucad/OneDrive/Desktop/SCUOLA/SCUOLA a.s. 2025_26 IV^/STM32/STM32CubeIDE_2.0.0/STM32CubeIDE/plugins/com.st.stm32cube.ide.mcu.externaltools.gnu-tools-for-stm32.13.3.rel1.win32_1.0.100.202509120712/tools/bin/../lib/gcc/arm-none-eabi/13.3.1/../../../../arm-none-eabi/lib/thumb/v6-m/nofp\libc_nano.a(libc_a-findfp.o)
                              C:/Users/lucad/OneDrive/Desktop/SCUOLA/SCUOLA a.s. 2025_26 IV^/STM32/STM32CubeIDE_2.0.0/STM32CubeIDE/plugins/com.st.stm32cube.ide.mcu.externaltools.gnu-tools-for-stm32.13.3.rel1.win32_1.0.100.202509120712/tools/bin/../lib/gcc/arm-none-eabi/13.3.1/../../../../arm-none-eabi/lib/thumb/v6-m/nofp\libc_nano.a(libc_a-exit.o) (__stdio_exit_handler)
C:/Users/lucad/OneDrive/Desktop/SCUOLA/SCUOLA a.s. 2025_26 IV^/STM32/STM32CubeIDE_2.0.0/STM32CubeIDE/plugins/com.st.stm32cube.ide.mcu.externaltools.gnu-tools-for-stm32.13.3.rel1.win32_1.0.100.202509120712/tools/bin/../lib/gcc/arm-none-eabi/13.3.1/../../../../arm-none-eabi/lib/thumb/v6-m/nofp\libc_nano.a(libc_a-fwalk.o)
                              C:/Users/lucad/OneDrive/Desktop/SCUOLA/SCUOLA a.s. 2025_26 IV^/STM32/STM32CubeIDE_2.0.0/STM32CubeIDE/plugins/com.st.stm32cube.ide.mcu.externaltools.gnu-tools-for-stm32.13.3.rel1.win32_1.0.100.202509120712/tools/bin/../lib/gcc/arm-none-eabi/13.3.1/../../../../arm-none-eabi/lib/thumb/v6-m/nofp\libc_nano.a(libc_a-findfp.o) (_fwalk_sglue)
C:/Users/lucad/OneDrive/Desktop/SCUOLA/SCUOLA a.s. 2025_26 IV^/STM32/STM32CubeIDE_2.0.0/STM32CubeIDE/plugins/com.st.stm32cube.ide.mcu.externaltools.gnu-tools-for-stm32.13.3.rel1.win32_1.0.100.202509120712/tools/bin/../lib/gcc/arm-none-eabi/13.3.1/../../../../arm-none-eabi/lib/thumb/v6-m/nofp\libc_nano.a(libc_a-sprintf.o)
                              ./Core/Src/ESP8266_HAL.o (sprintf)
C:/Users/lucad/OneDrive/Desktop/SCUOLA/SCUOLA a.s. 2025_26 IV^/STM32/STM32CubeIDE_2.0.0/STM32CubeIDE/plugins/com.st.stm32cube.ide.mcu.externaltools.gnu-tools-for-stm32.13.3.rel1.win32_1.0.100.202509120712/tools/bin/../lib/gcc/arm-none-eabi/13.3.1/../../../../arm-none-eabi/lib/thumb/v6-m/nofp\libc_nano.a(libc_a-stdio.o)
                              C:/Users/lucad/OneDrive/Desktop/SCUOLA/SCUOLA a.s. 2025_26 IV^/STM32/STM32CubeIDE_2.0.0/STM32CubeIDE/plugins/com.st.stm32cube.ide.mcu.externaltools.gnu-tools-for-stm32.13.3.rel1.win32_1.0.100.202509120712/tools/bin/../lib/gcc/arm-none-eabi/13.3.1/../../../../arm-none-eabi/lib/thumb/v6-m/nofp\libc_nano.a(libc_a-findfp.o) (__sread)
C:/Users/lucad/OneDrive/Desktop/SCUOLA/SCUOLA a.s. 2025_26 IV^/STM32/STM32CubeIDE_2.0.0/STM32CubeIDE/plugins/com.st.stm32cube.ide.mcu.externaltools.gnu-tools-for-stm32.13.3.rel1.win32_1.0.100.202509120712/tools/bin/../lib/gcc/arm-none-eabi/13.3.1/../../../../arm-none-eabi/lib/thumb/v6-m/nofp\libc_nano.a(libc_a-memset.o)
                              C:/Users/lucad/OneDrive/Desktop/SCUOLA/SCUOLA a.s. 2025_26 IV^/STM32/STM32CubeIDE_2.0.0/STM32CubeIDE/plugins/com.st.stm32cube.ide.mcu.externaltools.gnu-tools-for-stm32.13.3.rel1.win32_1.0.100.202509120712/tools/bin/../lib/gcc/arm-none-eabi/13.3.1/../../../../arm-none-eabi/lib/thumb/v6-m/nofp/crt0.o (memset)
C:/Users/lucad/OneDrive/Desktop/SCUOLA/SCUOLA a.s. 2025_26 IV^/STM32/STM32CubeIDE_2.0.0/STM32CubeIDE/plugins/com.st.stm32cube.ide.mcu.externaltools.gnu-tools-for-stm32.13.3.rel1.win32_1.0.100.202509120712/tools/bin/../lib/gcc/arm-none-eabi/13.3.1/../../../../arm-none-eabi/lib/thumb/v6-m/nofp\libc_nano.a(libc_a-strcat.o)
                              ./Core/Src/ESP8266_HAL.o (strcat)
C:/Users/lucad/OneDrive/Desktop/SCUOLA/SCUOLA a.s. 2025_26 IV^/STM32/STM32CubeIDE_2.0.0/STM32CubeIDE/plugins/com.st.stm32cube.ide.mcu.externaltools.gnu-tools-for-stm32.13.3.rel1.win32_1.0.100.202509120712/tools/bin/../lib/gcc/arm-none-eabi/13.3.1/../../../../arm-none-eabi/lib/thumb/v6-m/nofp\libc_nano.a(libc_a-closer.o)
                              C:/Users/lucad/OneDrive/Desktop/SCUOLA/SCUOLA a.s. 2025_26 IV^/STM32/STM32CubeIDE_2.0.0/STM32CubeIDE/plugins/com.st.stm32cube.ide.mcu.externaltools.gnu-tools-for-stm32.13.3.rel1.win32_1.0.100.202509120712/tools/bin/../lib/gcc/arm-none-eabi/13.3.1/../../../../arm-none-eabi/lib/thumb/v6-m/nofp\libc_nano.a(libc_a-stdio.o) (_close_r)
[...]
Memory Configuration

Name             Origin             Length             Attributes
RAM              0x20000000         0x00005000         xrw
FLASH            0x08000000         0x00030000         xr
*default*        0x00000000         0xffffffff

Linker script and memory map

LOAD C:/Users/lucad/OneDrive/Desktop/SCUOLA/SCUOLA a.s. 2025_26 IV^/STM32/STM32CubeIDE_2.0.0/STM32CubeIDE/plugins/com.st.stm32cube.ide.mcu.externaltools.gnu-tools-for-stm32.13.3.rel1.win32_1.0.100.202509120712/tools/bin/../lib/gcc/arm-none-eabi/13.3.1/thumb/v6-m/nofp/crti.o
LOAD C:/Users/lucad/OneDrive/Desktop/SCUOLA/SCUOLA a.s. 2025_26 IV^/STM32/STM32CubeIDE_2.0.0/STM32CubeIDE/plugins/com.st.stm32cube.ide.mcu.externaltools.gnu-tools-for-stm32.13.3.rel1.win32_1.0.100.202509120712/tools/bin/../lib/gcc/arm-none-eabi/13.3.1/thumb/v6-m/nofp/crtbegin.o
LOAD C:/Users/lucad/OneDrive/Desktop/SCUOLA/SCUOLA a.s. 2025_26 IV^/STM32/STM32CubeIDE_2.0.0/STM32CubeIDE/plugins/com.st.stm32cube.ide.mcu.externaltools.gnu-tools-for-stm32.13.3.rel1.win32_1.0.100.202509120712/tools/bin/../lib/gcc/arm-none-eabi/13.3.1/../../../../arm-none-eabi/lib/thumb/v6-m/nofp/crt0.o
LOAD ./Core/Src/ESP8266_HAL.o
LOAD ./Core/Src/UartRingbuffer_multi.o
LOAD ./Core/Src/main.o
LOAD ./Core/Src/stm32l0xx_hal_msp.o
LOAD ./Core/Src/stm32l0xx_it.o
LOAD ./Core/Src/syscalls.o
LOAD ./Core/Src/sysmem.o
LOAD ./Core/Src/system_stm32l0xx.o
LOAD ./Core/Startup/startup_stm32l073rztx.o
LOAD ./Drivers/STM32L0xx_HAL_Driver/Src/stm32l0xx_hal.o
LOAD ./Drivers/STM32L0xx_HAL_Driver/Src/stm32l0xx_hal_cortex.o
LOAD ./Drivers/STM32L0xx_HAL_Driver/Src/stm32l0xx_hal_dma.o
LOAD ./Drivers/STM32L0xx_HAL_Driver/Src/stm32l0xx_hal_exti.o
LOAD ./Drivers/STM32L0xx_HAL_Driver/Src/stm32l0xx_hal_flash.o
LOAD ./Drivers/STM32L0xx_HAL_Driver/Src/stm32l0xx_hal_flash_ex.o
LOAD ./Drivers/STM32L0xx_HAL_Driver/Src/stm32l0xx_hal_flash_ramfunc.o
LOAD ./Drivers/STM32L0xx_HAL_Driver/Src/stm32l0xx_hal_gpio.o
LOAD ./Drivers/STM32L0xx_HAL_Driver/Src/stm32l0xx_hal_i2c.o
LOAD ./Drivers/STM32L0xx_HAL_Driver/Src/stm32l0xx_hal_i2c_ex.o
LOAD ./Drivers/STM32L0xx_HAL_Driver/Src/stm32l0xx_hal_pwr.o
LOAD ./Drivers/STM32L0xx_HAL_Driver/Src/stm32l0xx_hal_pwr_ex.o
LOAD ./Drivers/STM32L0xx_HAL_Driver/Src/stm32l0xx_hal_rcc.o
LOAD ./Drivers/STM32L0xx_HAL_Driver/Src/stm32l0xx_hal_rcc_ex.o
LOAD ./Drivers/STM32L0xx_HAL_Driver/Src/stm32l0xx_hal_uart.o
LOAD ./Drivers/STM32L0xx_HAL_Driver/Src/stm32l0xx_hal_uart_ex.o
START GROUP
LOAD C:/Users/lucad/OneDrive/Desktop/SCUOLA/SCUOLA a.s. 2025_26 IV^/STM32/STM32CubeIDE_2.0.0/STM32CubeIDE/plugins/com.st.stm32cube.ide.mcu.externaltools.gnu-tools-for-stm32.13.3.rel1.win32_1.0.100.202509120712/tools/bin/../lib/gcc/arm-none-eabi/13.3.1/../../../../arm-none-eabi/lib/thumb/v6-m/nofp\libc_nano.a
LOAD C:/Users/lucad/OneDrive/Desktop/SCUOLA/SCUOLA a.s. 2025_26 IV^/STM32/STM32CubeIDE_2.0.0/STM32CubeIDE/plugins/com.st.stm32cube.ide.mcu.externaltools.gnu-tools-for-stm32.13.3.rel1.win32_1.0.100.202509120712/tools/bin/../lib/gcc/arm-none-eabi/13.3.1/../../../../arm-none-eabi/lib/thumb/v6-m/nofp\libm.a
END GROUP
START GROUP
LOAD C:/Users/lucad/OneDrive/Desktop/SCUOLA/SCUOLA a.s. 2025_26 IV^/STM32/STM32CubeIDE_2.0.0/STM32CubeIDE/plugins/com.st.stm32cube.ide.mcu.externaltools.gnu-tools-for-stm32.13.3.rel1.win32_1.0.100.202509120712/tools/bin/../lib/gcc/arm-none-eabi/13.3.1/thumb/v6-m/nofp\libgcc.a
LOAD C:/Users/lucad/OneDrive/Desktop/SCUOLA/SCUOLA a.s. 2025_26 IV^/STM32/STM32CubeIDE_2.0.0/STM32CubeIDE/plugins/com.st.stm32cube.ide.mcu.externaltools.gnu-tools-for-stm32.13.3.rel1.win32_1.0.100.202509120712/tools/bin/../lib/gcc/arm-none-eabi/13.3.1/../../../../arm-none-eabi/lib/thumb/v6-m/nofp\libc_nano.a
END GROUP
START GROUP
LOAD C:/Users/lucad/OneDrive/Desktop/SCUOLA/SCUOLA a.s. 2025_26 IV^/STM32/STM32CubeIDE_2.0.0/STM32CubeIDE/plugins/com.st.stm32cube.ide.mcu.externaltools.gnu-tools-for-stm32.13.3.rel1.win32_1.0.100.202509120712/tools/bin/../lib/gcc/arm-none-eabi/13.3.1/thumb/v6-m/nofp\libgcc.a
LOAD C:/Users/lucad/OneDrive/Desktop/SCUOLA/SCUOLA a.s. 2025_26 IV^/STM32/STM32CubeIDE_2.0.0/STM32CubeIDE/plugins/com.st.stm32cube.ide.mcu.externaltools.gnu-tools-for-stm32.13.3.rel1.win32_1.0.100.202509120712/tools/bin/../lib/gcc/arm-none-eabi/13.3.1/../../../../arm-none-eabi/lib/thumb/v6-m/nofp\libc_nano.a
LOAD C:/Users/lucad/OneDrive/Desktop/SCUOLA/SCUOLA a.s. 2025_26 IV^/STM32/STM32CubeIDE_2.0.0/STM32CubeIDE/plugins/com.st.stm32cube.ide.mcu.externaltools.gnu-tools-for-stm32.13.3.rel1.win32_1.0.100.202509120712/tools/bin/../lib/gcc/arm-none-eabi/13.3.1/../../../../arm-none-eabi/lib/thumb/v6-m/nofp\libnosys.a
END GROUP
START GROUP
LOAD C:/Users/lucad/OneDrive/Desktop/SCUOLA/SCUOLA a.s. 2025_26 IV^/STM32/STM32CubeIDE_2.0.0/STM32CubeIDE/plugins/com.st.stm32cube.ide.mcu.externaltools.gnu-tools-for-stm32.13.3.rel1.win32_1.0.100.202509120712/tools/bin/../lib/gcc/arm-none-eabi/13.3.1/thumb/v6-m/nofp\libgcc.a
LOAD C:/Users/lucad/OneDrive/Desktop/SCUOLA/SCUOLA a.s. 2025_26 IV^/STM32/STM32CubeIDE_2.0.0/STM32CubeIDE/plugins/com.st.stm32cube.ide.mcu.externaltools.gnu-tools-for-stm32.13.3.rel1.win32_1.0.100.202509120712/tools/bin/../lib/gcc/arm-none-eabi/13.3.1/../../../../arm-none-eabi/lib/thumb/v6-m/nofp\libc_nano.a
LOAD C:/Users/lucad/OneDrive/Desktop/SCUOLA/SCUOLA a.s. 2025_26 IV^/STM32/STM32CubeIDE_2.0.0/STM32CubeIDE/plugins/com.st.stm32cube.ide.mcu.externaltools.gnu-tools-for-stm32.13.3.rel1.win32_1.0.100.202509120712/tools/bin/../lib/gcc/arm-none-eabi/13.3.1/../../../../arm-none-eabi/lib/thumb/v6-m/nofp\libnosys.a
END GROUP
LOAD C:/Users/lucad/OneDrive/Desktop/SCUOLA/SCUOLA a.s. 2025_26 IV^/STM32/STM32CubeIDE_2.0.0/STM32CubeIDE/plugins/com.st.stm32cube.ide.mcu.externaltools.gnu-tools-for-stm32.13.3.rel1.win32_1.0.100.202509120712/tools/bin/../lib/gcc/arm-none-eabi/13.3.1/thumb/v6-m/nofp/crtend.o
LOAD C:/Users/lucad/OneDrive/Desktop/SCUOLA/SCUOLA a.s. 2025_26 IV^/STM32/STM32CubeIDE_2.0.0/STM32CubeIDE/plugins/com.st.stm32cube.ide.mcu.externaltools.gnu-tools-for-stm32.13.3.rel1.win32_1.0.100.202509120712/tools/bin/../lib/gcc/arm-none-eabi/13.3.1/thumb/v6-m/nofp/crtn.o
                0x20005000                        _estack = (ORIGIN (RAM) + LENGTH (RAM))
                0x00000200                        _Min_Heap_Size = 0x200
                0x00000400                        _Min_Stack_Size = 0x400

.isr_vector     0x08000000       0xc0
                0x08000000                        . = ALIGN (0x4)
 *(.isr_vector)
 .isr_vector    0x08000000       0xc0 ./Core/Startup/startup_stm32l073rztx.o
                0x08000000                g_pfnVectors
                0x080000c0                        . = ALIGN (0x4)

.text           0x080000c0     0x4608
                0x080000c0                        . = ALIGN (0x4)
 *(.text)
 .text          0x080000c0       0x48 C:/Users/lucad/OneDrive/Desktop/SCUOLA/SCUOLA a.s. 2025_26 IV^/STM32/STM32CubeIDE_2.0.0/STM32CubeIDE/plugins/com.st.stm32cube.ide.mcu.externaltools.gnu-tools-for-stm32.13.3.rel1.win32_1.0.100.202509120712/tools/bin/../lib/gcc/arm-none-eabi/13.3.1/thumb/v6-m/nofp/crtbegin.o
 .text          0x08000108       0x14 C:/Users/lucad/OneDrive/Desktop/SCUOLA/SCUOLA a.s. 2025_26 IV^/STM32/STM32CubeIDE_2.0.0/STM32CubeIDE/plugins/com.st.stm32cube.ide.mcu.externaltools.gnu-tools-for-stm32.13.3.rel1.win32_1.0.100.202509120712/tools/bin/../lib/gcc/arm-none-eabi/13.3.1/../../../../arm-none-eabi/lib/thumb/v6-m/nofp\libc_nano.a(libc_a-strcmp.o)
                0x08000108                strcmp
 .text          0x0800011c        0xe C:/Users/lucad/OneDrive/Desktop/SCUOLA/SCUOLA a.s. 2025_26 IV^/STM32/STM32CubeIDE_2.0.0/STM32CubeIDE/plugins/com.st.stm32cube.ide.mcu.externaltools.gnu-tools-for-stm32.13.3.rel1.win32_1.0.100.202509120712/tools/bin/../lib/gcc/arm-none-eabi/13.3.1/../../../../arm-none-eabi/lib/thumb/v6-m/nofp\libc_nano.a(libc_a-strlen.o)
                0x0800011c                strlen
 *fill*         0x0800012a        0x2 
 .text          0x0800012c       0x14 C:/Users/lucad/OneDrive/Desktop/SCUOLA/SCUOLA a.s. 2025_26 IV^/STM32/STM32CubeIDE_2.0.0/STM32CubeIDE/plugins/com.st.stm32cube.ide.mcu.externaltools.gnu-tools-for-stm32.13.3.rel1.win32_1.0.100.202509120712/tools/bin/../lib/gcc/arm-none-eabi/13.3.1/thumb/v6-m/nofp\libgcc.a(_thumb1_case_shi.o)
                0x0800012c                __gnu_thumb1_case_shi
 .text          0x08000140      0x114 C:/Users/lucad/OneDrive/Desktop/SCUOLA/SCUOLA a.s. 2025_26 IV^/STM32/STM32CubeIDE_2.0.0/STM32CubeIDE/plugins/com.st.stm32cube.ide.mcu.externaltools.gnu-tools-for-stm32.13.3.rel1.win32_1.0.100.202509120712/tools/bin/../lib/gcc/arm-none-eabi/13.3.1/thumb/v6-m/nofp\libgcc.a(_udivsi3.o)
                0x08000140                __aeabi_uidiv
                0x08000140                __udivsi3
                0x0800024c                __aeabi_uidivmod
 .text          0x08000254        0x4 C:/Users/lucad/OneDrive/Desktop/SCUOLA/SCUOLA a.s. 2025_26 IV^/STM32/STM32CubeIDE_2.0.0/STM32CubeIDE/plugins/com.st.stm32cube.ide.mcu.externaltools.gnu-tools-for-stm32.13.3.rel1.win32_1.0.100.202509120712/tools/bin/../lib/gcc/arm-none-eabi/13.3.1/thumb/v6-m/nofp\libgcc.a(_dvmd_tls.o)
                0x08000254                __aeabi_idiv0
                0x08000254                __aeabi_ldiv0
 .text          0x08000258       0x40 C:/Users/lucad/OneDrive/Desktop/SCUOLA/SCUOLA a.s. 2025_26 IV^/STM32/STM32CubeIDE_2.0.0/STM32CubeIDE/plugins/com.st.stm32cube.ide.mcu.externaltools.gnu-tools-for-stm32.13.3.rel1.win32_1.0.100.202509120712/tools/bin/../lib/gcc/arm-none-eabi/13.3.1/thumb/v6-m/nofp\libgcc.a(_aeabi_uldivmod.o)
                0x08000258                __aeabi_uldivmod
 .text          0x08000298      0x198 C:/Users/lucad/OneDrive/Desktop/SCUOLA/SCUOLA a.s. 2025_26 IV^/STM32/STM32CubeIDE_2.0.0/STM32CubeIDE/plugins/com.st.stm32cube.ide.mcu.externaltools.gnu-tools-for-stm32.13.3.rel1.win32_1.0.100.202509120712/tools/bin/../lib/gcc/arm-none-eabi/13.3.1/thumb/v6-m/nofp\libgcc.a(_udivmoddi4.o)
                0x08000298                __udivmoddi4
 .text          0x08000430       0x18 C:/Users/lucad/OneDrive/Desktop/SCUOLA/SCUOLA a.s. 2025_26 IV^/STM32/STM32CubeIDE_2.0.0/STM32CubeIDE/plugins/com.st.stm32cube.ide.mcu.externaltools.gnu-tools-for-stm32.13.3.rel1.win32_1.0.100.202509120712/tools/bin/../lib/gcc/arm-none-eabi/13.3.1/thumb/v6-m/nofp\libgcc.a(_clzdi2.o)
                0x08000430                __clzdi2
 .text          0x08000448       0x3c C:/Users/lucad/OneDrive/Desktop/SCUOLA/SCUOLA a.s. 2025_26 IV^/STM32/STM32CubeIDE_2.0.0/STM32CubeIDE/plugins/com.st.stm32cube.ide.mcu.externaltools.gnu-tools-for-stm32.13.3.rel1.win32_1.0.100.202509120712/tools/bin/../lib/gcc/arm-none-eabi/13.3.1/thumb/v6-m/nofp\libgcc.a(_clzsi2.o)
                0x08000448                __clzsi2
 *(.text*)
 .text.ESP_Init
                0x08000484      0x23c ./Core/Src/ESP8266_HAL.o
                0x08000484                ESP_Init
 .text.Server_Send
                0x080006c0       0xb0 ./Core/Src/ESP8266_HAL.o
                0x080006c0                Server_Send
 .text.Server_Handle
                0x08000770      0x120 ./Core/Src/ESP8266_HAL.o
                0x08000770                Server_Handle
 .text.Server_Start
                0x08000890      0x104 ./Core/Src/ESP8266_HAL.o
                0x08000890                Server_Start
 .text.Ringbuf_init
                0x08000994       0x8c ./Core/Src/UartRingbuffer_multi.o
                0x08000994                Ringbuf_init
 .text.store_char
                0x08000a20       0x40 ./Core/Src/UartRingbuffer_multi.o
                0x08000a20                store_char
 .text.Look_for
                0x08000a60       0xa8 ./Core/Src/UartRingbuffer_multi.o
                0x08000a60                Look_for
 .text.Uart_peek
                0x08000b08       0x7c ./Core/Src/UartRingbuffer_multi.o
                0x08000b08                Uart_peek
 .text.Uart_read
                0x08000b84       0xb4 ./Core/Src/UartRingbuffer_multi.o
                0x08000b84                Uart_read
 .text.Uart_write
                0x08000c38       0xc8 ./Core/Src/UartRingbuffer_multi.o
                0x08000c38                Uart_write
 .text.IsDataAvailable
                0x08000d00       0x74 ./Core/Src/UartRingbuffer_multi.o
                0x08000d00                IsDataAvailable
 .text.Get_after
                0x08000d74       0x6c ./Core/Src/UartRingbuffer_multi.o
                0x08000d74                Get_after
 .text.Uart_sendstring
                0x08000de0       0x32 ./Core/Src/UartRingbuffer_multi.o
                0x08000de0                Uart_sendstring
 *fill*         0x08000e12        0x2 
 .text.Copy_upto
                0x08000e14       0xfc ./Core/Src/UartRingbuffer_multi.o
                0x08000e14                Copy_upto
 .text.Wait_for
                0x08000f10       0xbc ./Core/Src/UartRingbuffer_multi.o
                0x08000f10                Wait_for
 .text.Uart_isr
                0x08000fcc      0x14c ./Core/Src/UartRingbuffer_multi.o
                0x08000fcc                Uart_isr
 .text.main     0x08001118       0x34 ./Core/Src/main.o
                0x08001118                main
 .text.SystemClock_Config
                0x0800114c       0xe8 ./Core/Src/main.o
                0x0800114c                SystemClock_Config
 .text.MX_USART1_UART_Init
                0x08001234       0x60 ./Core/Src/main.o
 .text.MX_USART2_UART_Init
                0x08001294       0x60 ./Core/Src/main.o
 .text.MX_GPIO_Init
                0x080012f4       0xc8 ./Core/Src/main.o
 .text.Error_Handler
                0x080013bc        0xc ./Core/Src/main.o
                0x080013bc                Error_Handler
 .text.HAL_MspInit
                0x080013c8       0x28 ./Core/Src/stm32l0xx_hal_msp.o
                0x080013c8                HAL_MspInit
 .text.HAL_UART_MspInit
                0x080013f0      0x10c ./Core/Src/stm32l0xx_hal_msp.o
                0x080013f0                HAL_UART_MspInit
 .text.NMI_Handler
                0x080014fc        0x8 ./Core/Src/stm32l0xx_it.o
                0x080014fc                NMI_Handler
 .text.HardFault_Handler
                0x08001504        0x8 ./Core/Src/stm32l0xx_it.o
                0x08001504                HardFault_Handler
 .text.SVC_Handler
                0x0800150c        0xa ./Core/Src/stm32l0xx_it.o
                0x0800150c                SVC_Handler
 .text.PendSV_Handler
                0x08001516        0xa ./Core/Src/stm32l0xx_it.o
                0x08001516                PendSV_Handler
 .text.SysTick_Handler
                0x08001520        0xe ./Core/Src/stm32l0xx_it.o
                0x08001520                SysTick_Handler
 *fill*         0x0800152e        0x2 
 .text.USART1_IRQHandler
                0x08001530       0x20 ./Core/Src/stm32l0xx_it.o
                0x08001530                USART1_IRQHandler
 .text.USART2_IRQHandler
                0x08001550       0x20 ./Core/Src/stm32l0xx_it.o
                0x08001550                USART2_IRQHandler
 .text._sbrk    0x08001570       0x6c ./Core/Src/sysmem.o
                0x08001570                _sbrk
 .text.SystemInit
                0x080015dc        0xa ./Core/Src/system_stm32l0xx.o
                0x080015dc                SystemInit
 *fill*         0x080015e6        0x2 
 .text.Reset_Handler
                0x080015e8       0x50 ./Core/Startup/startup_stm32l073rztx.o
                0x080015e8                Reset_Handler
 .text.Default_Handler
                0x08001638        0x2 ./Core/Startup/startup_stm32l073rztx.o
                0x08001638                TSC_IRQHandler
                0x08001638                ADC1_COMP_IRQHandler
                0x08001638                PVD_IRQHandler
                0x08001638                I2C1_IRQHandler
                0x08001638                RCC_CRS_IRQHandler
                0x08001638                SPI1_IRQHandler
                0x08001638                TIM6_DAC_IRQHandler
                0x08001638                EXTI2_3_IRQHandler
                0x08001638                I2C2_IRQHandler
                0x08001638                RTC_IRQHandler
                0x08001638                LCD_IRQHandler
                0x08001638                DMA1_Channel4_5_6_7_IRQHandler
                0x08001638                TIM3_IRQHandler
                0x08001638                EXTI4_15_IRQHandler
                0x08001638                DMA1_Channel1_IRQHandler
                0x08001638                USART4_5_IRQHandler
                0x08001638                Default_Handler
                0x08001638                TIM22_IRQHandler
                0x08001638                TIM7_IRQHandler
                0x08001638                EXTI0_1_IRQHandler
                0x08001638                USB_IRQHandler
                0x08001638                I2C3_IRQHandler
                0x08001638                SPI2_IRQHandler
                0x08001638                TIM21_IRQHandler
                0x08001638                WWDG_IRQHandler
                0x08001638                TIM2_IRQHandler
                0x08001638                DMA1_Channel2_3_IRQHandler
                0x08001638                FLASH_IRQHandler
                0x08001638                RNG_LPUART1_IRQHandler
                0x08001638                LPTIM1_IRQHandler
 *fill*         0x0800163a        0x2 
 .text.HAL_Init
                0x0800163c       0x40 ./Drivers/STM32L0xx_HAL_Driver/Src/stm32l0xx_hal.o
                0x0800163c                HAL_Init
 .text.HAL_InitTick
                0x0800167c       0x68 ./Drivers/STM32L0xx_HAL_Driver/Src/stm32l0xx_hal.o
                0x0800167c                HAL_InitTick
 .text.HAL_IncTick
                0x080016e4       0x24 ./Drivers/STM32L0xx_HAL_Driver/Src/stm32l0xx_hal.o
                0x080016e4                HAL_IncTick
 .text.HAL_GetTick
                0x08001708       0x14 ./Drivers/STM32L0xx_HAL_Driver/Src/stm32l0xx_hal.o
                0x08001708                HAL_GetTick
 .text.HAL_Delay
                0x0800171c       0x48 ./Drivers/STM32L0xx_HAL_Driver/Src/stm32l0xx_hal.o
                0x0800171c                HAL_Delay
 .text.__NVIC_EnableIRQ
                0x08001764       0x34 ./Drivers/STM32L0xx_HAL_Driver/Src/stm32l0xx_hal_cortex.o
 .text.__NVIC_SetPriority
                0x08001798       0xdc ./Drivers/STM32L0xx_HAL_Driver/Src/stm32l0xx_hal_cortex.o
 .text.SysTick_Config
                0x08001874       0x48 ./Drivers/STM32L0xx_HAL_Driver/Src/stm32l0xx_hal_cortex.o
 .text.HAL_NVIC_SetPriority
                0x080018bc       0x2a ./Drivers/STM32L0xx_HAL_Driver/Src/stm32l0xx_hal_cortex.o
                0x080018bc                HAL_NVIC_SetPriority
 .text.HAL_NVIC_EnableIRQ
                0x080018e6       0x20 ./Drivers/STM32L0xx_HAL_Driver/Src/stm32l0xx_hal_cortex.o
                0x080018e6                HAL_NVIC_EnableIRQ
 .text.HAL_SYSTICK_Config
                0x08001906       0x1a ./Drivers/STM32L0xx_HAL_Driver/Src/stm32l0xx_hal_cortex.o
                0x08001906                HAL_SYSTICK_Config
 .text.HAL_DMA_Abort
                0x08001920       0x80 ./Drivers/STM32L0xx_HAL_Driver/Src/stm32l0xx_hal_dma.o
                0x08001920                HAL_DMA_Abort
 .text.HAL_DMA_Abort_IT
                0x080019a0       0x8e ./Drivers/STM32L0xx_HAL_Driver/Src/stm32l0xx_hal_dma.o
                0x080019a0                HAL_DMA_Abort_IT
 *fill*         0x08001a2e        0x2 
 .text.HAL_GPIO_Init
                0x08001a30      0x2fc ./Drivers/STM32L0xx_HAL_Driver/Src/stm32l0xx_hal_gpio.o
                0x08001a30                HAL_GPIO_Init
 .text.HAL_GPIO_WritePin
                0x08001d2c       0x3a ./Drivers/STM32L0xx_HAL_Driver/Src/stm32l0xx_hal_gpio.o
                0x08001d2c                HAL_GPIO_WritePin
 *fill*         0x08001d66        0x2 
 .text.HAL_RCC_OscConfig
                0x08001d68      0x7a8 ./Drivers/STM32L0xx_HAL_Driver/Src/stm32l0xx_hal_rcc.o
                0x08001d68                HAL_RCC_OscConfig
 .text.HAL_RCC_ClockConfig
                0x08002510      0x290 ./Drivers/STM32L0xx_HAL_Driver/Src/stm32l0xx_hal_rcc.o
                0x08002510                HAL_RCC_ClockConfig
 .text.HAL_RCC_GetSysClockFreq
                0x080027a0      0x10c ./Drivers/STM32L0xx_HAL_Driver/Src/stm32l0xx_hal_rcc.o
                0x080027a0                HAL_RCC_GetSysClockFreq
 .text.HAL_RCC_GetHCLKFreq
                0x080028ac       0x14 ./Drivers/STM32L0xx_HAL_Driver/Src/stm32l0xx_hal_rcc.o
                0x080028ac                HAL_RCC_GetHCLKFreq
 .text.HAL_RCC_GetPCLK1Freq
                0x080028c0       0x2c ./Drivers/STM32L0xx_HAL_Driver/Src/stm32l0xx_hal_rcc.o
                0x080028c0                HAL_RCC_GetPCLK1Freq
 .text.HAL_RCC_GetPCLK2Freq
                0x080028ec       0x2c ./Drivers/STM32L0xx_HAL_Driver/Src/stm32l0xx_hal_rcc.o
                0x080028ec                HAL_RCC_GetPCLK2Freq
 .text.HAL_RCCEx_PeriphCLKConfig
                0x08002918      0x33c ./Drivers/STM32L0xx_HAL_Driver/Src/stm32l0xx_hal_rcc_ex.o
                0x08002918                HAL_RCCEx_PeriphCLKConfig
 .text.HAL_UART_Init
                0x08002c54       0xa8 ./Drivers/STM32L0xx_HAL_Driver/Src/stm32l0xx_hal_uart.o
                0x08002c54                HAL_UART_Init
 .text.HAL_UART_IRQHandler
                0x08002cfc      0x600 ./Drivers/STM32L0xx_HAL_Driver/Src/stm32l0xx_hal_uart.o
                0x08002cfc                HAL_UART_IRQHandler
 .text.HAL_UART_TxCpltCallback
                0x080032fc       0x10 ./Drivers/STM32L0xx_HAL_Driver/Src/stm32l0xx_hal_uart.o
                0x080032fc                HAL_UART_TxCpltCallback
 .text.HAL_UART_ErrorCallback
                0x0800330c       0x10 ./Drivers/STM32L0xx_HAL_Driver/Src/stm32l0xx_hal_uart.o
                0x0800330c                HAL_UART_ErrorCallback
 .text.HAL_UARTEx_RxEventCallback
                0x0800331c       0x16 ./Drivers/STM32L0xx_HAL_Driver/Src/stm32l0xx_hal_uart.o
                0x0800331c                HAL_UARTEx_RxEventCallback
 *fill*         0x08003332        0x2 
 .text.UART_SetConfig
                0x08003334      0x53c ./Drivers/STM32L0xx_HAL_Driver/Src/stm32l0xx_hal_uart.o
                0x08003334                UART_SetConfig
 .text.UART_AdvFeatureConfig
                0x08003870      0x168 ./Drivers/STM32L0xx_HAL_Driver/Src/stm32l0xx_hal_uart.o
                0x08003870                UART_AdvFeatureConfig
 .text.UART_CheckIdleState
                0x080039d8      0x150 ./Drivers/STM32L0xx_HAL_Driver/Src/stm32l0xx_hal_uart.o
                0x080039d8                UART_CheckIdleState
 .text.UART_WaitOnFlagUntilTimeout
                0x08003b28       0xde ./Drivers/STM32L0xx_HAL_Driver/Src/stm32l0xx_hal_uart.o
                0x08003b28                UART_WaitOnFlagUntilTimeout
 *fill*         0x08003c06        0x2 
 .text.UART_EndRxTransfer
                0x08003c08       0xc8 ./Drivers/STM32L0xx_HAL_Driver/Src/stm32l0xx_hal_uart.o
 .text.UART_DMAAbortOnError
                0x08003cd0       0x26 ./Drivers/STM32L0xx_HAL_Driver/Src/stm32l0xx_hal_uart.o
 .text.UART_EndTransmit_IT
                0x08003cf6       0x56 ./Drivers/STM32L0xx_HAL_Driver/Src/stm32l0xx_hal_uart.o
 .text.HAL_UARTEx_WakeupCallback
                0x08003d4c       0x10 ./Drivers/STM32L0xx_HAL_Driver/Src/stm32l0xx_hal_uart_ex.o
                0x08003d4c                HAL_UARTEx_WakeupCallback
 .text.sprintf  0x08003d5c       0x44 C:/Users/lucad/OneDrive/Desktop/SCUOLA/SCUOLA a.s. 2025_26 IV^/STM32/STM32CubeIDE_2.0.0/STM32CubeIDE/plugins/com.st.stm32cube.ide.mcu.externaltools.gnu-tools-for-stm32.13.3.rel1.win32_1.0.100.202509120712/tools/bin/../lib/gcc/arm-none-eabi/13.3.1/../../../../arm-none-eabi/lib/thumb/v6-m/nofp\libc_nano.a(libc_a-sprintf.o)
                0x08003d5c                siprintf
                0x08003d5c                sprintf
 .text.memset   0x08003da0       0x10 C:/Users/lucad/OneDrive/Desktop/SCUOLA/SCUOLA a.s. 2025_26 IV^/STM32/STM32CubeIDE_2.0.0/STM32CubeIDE/plugins/com.st.stm32cube.ide.mcu.externaltools.gnu-tools-for-stm32.13.3.rel1.win32_1.0.100.202509120712/tools/bin/../lib/gcc/arm-none-eabi/13.3.1/../../../../arm-none-eabi/lib/thumb/v6-m/nofp\libc_nano.a(libc_a-memset.o)
                0x08003da0                memset
 .text.strcat   0x08003db0       0x1a C:/Users/lucad/OneDrive/Desktop/SCUOLA/SCUOLA a.s. 2025_26 IV^/STM32/STM32CubeIDE_2.0.0/STM32CubeIDE/plugins/com.st.stm32cube.ide.mcu.externaltools.gnu-tools-for-stm32.13.3.rel1.win32_1.0.100.202509120712/tools/bin/../lib/gcc/arm-none-eabi/13.3.1/../../../../arm-none-eabi/lib/thumb/v6-m/nofp\libc_nano.a(libc_a-strcat.o)
                0x08003db0                strcat
 *fill*         0x08003dca        0x2 
 .text.__errno  0x08003dcc        0xc C:/Users/lucad/OneDrive/Desktop/SCUOLA/SCUOLA a.s. 2025_26 IV^/STM32/STM32CubeIDE_2.0.0/STM32CubeIDE/plugins/com.st.stm32cube.ide.mcu.externaltools.gnu-tools-for-stm32.13.3.rel1.win32_1.0.100.202509120712/tools/bin/../lib/gcc/arm-none-eabi/13.3.1/../../../../arm-none-eabi/lib/thumb/v6-m/nofp\libc_nano.a(libc_a-errno.o)
                0x08003dcc                __errno
 .text.__libc_init_array
                0x08003dd8       0x48 C:/Users/lucad/OneDrive/Desktop/SCUOLA/SCUOLA a.s. 2025_26 IV^/STM32/STM32CubeIDE_2.0.0/STM32CubeIDE/plugins/com.st.stm32cube.ide.mcu.externaltools.gnu-tools-for-stm32.13.3.rel1.win32_1.0.100.202509120712/tools/bin/../lib/gcc/arm-none-eabi/13.3.1/../../../../arm-none-eabi/lib/thumb/v6-m/nofp\libc_nano.a(libc_a-init.o)
                0x08003dd8                __libc_init_array
 .text.__retarget_lock_acquire_recursive
                0x08003e20        0x2 C:/Users/lucad/OneDrive/Desktop/SCUOLA/SCUOLA a.s. 2025_26 IV^/STM32/STM32CubeIDE_2.0.0/STM32CubeIDE/plugins/com.st.stm32cube.ide.mcu.externaltools.gnu-tools-for-stm32.13.3.rel1.win32_1.0.100.202509120712/tools/bin/../lib/gcc/arm-none-eabi/13.3.1/../../../../arm-none-eabi/lib/thumb/v6-m/nofp\libc_nano.a(libc_a-lock.o)
                0x08003e20                __retarget_lock_acquire_recursive
 .text.__retarget_lock_release_recursive
                0x08003e22        0x2 C:/Users/lucad/OneDrive/Desktop/SCUOLA/SCUOLA a.s. 2025_26 IV^/STM32/STM32CubeIDE_2.0.0/STM32CubeIDE/plugins/com.st.stm32cube.ide.mcu.externaltools.gnu-tools-for-stm32.13.3.rel1.win32_1.0.100.202509120712/tools/bin/../lib/gcc/arm-none-eabi/13.3.1/../../../../arm-none-eabi/lib/thumb/v6-m/nofp\libc_nano.a(libc_a-lock.o)
                0x08003e22                __retarget_lock_release_recursive
 .text._free_r  0x08003e24       0x94 C:/Users/lucad/OneDrive/Desktop/SCUOLA/SCUOLA a.s. 2025_26 IV^/STM32/STM32CubeIDE_2.0.0/STM32CubeIDE/plugins/com.st.stm32cube.ide.mcu.externaltools.gnu-tools-for-stm32.13.3.rel1.win32_1.0.100.202509120712/tools/bin/../lib/gcc/arm-none-eabi/13.3.1/../../../../arm-none-eabi/lib/thumb/v6-m/nofp\libc_nano.a(libc_a-freer.o)
                0x08003e24                _free_r
 .text.sbrk_aligned
                0x08003eb8       0x44 C:/Users/lucad/OneDrive/Desktop/SCUOLA/SCUOLA a.s. 2025_26 IV^/STM32/STM32CubeIDE_2.0.0/STM32CubeIDE/plugins/com.st.stm32cube.ide.mcu.externaltools.gnu-tools-for-stm32.13.3.rel1.win32_1.0.100.202509120712/tools/bin/../lib/gcc/arm-none-eabi/13.3.1/../../../../arm-none-eabi/lib/thumb/v6-m/nofp\libc_nano.a(libc_a-mallocr.o)
 .text._malloc_r
                0x08003efc      0x100 C:/Users/lucad/OneDrive/Desktop/SCUOLA/SCUOLA a.s. 2025_26 IV^/STM32/STM32CubeIDE_2.0.0/STM32CubeIDE/plugins/com.st.stm32cube.ide.mcu.externaltools.gnu-tools-for-stm32.13.3.rel1.win32_1.0.100.202509120712/tools/bin/../lib/gcc/arm-none-eabi/13.3.1/../../../../arm-none-eabi/lib/thumb/v6-m/nofp\libc_nano.a(libc_a-mallocr.o)
                0x08003efc                _malloc_r
 .text.__malloc_lock
                0x08003ffc       0x10 C:/Users/lucad/OneDrive/Desktop/SCUOLA/SCUOLA a.s. 2025_26 IV^/STM32/STM32CubeIDE_2.0.0/STM32CubeIDE/plugins/com.st.stm32cube.ide.mcu.externaltools.gnu-tools-for-stm32.13.3.rel1.win32_1.0.100.202509120712/tools/bin/../lib/gcc/arm-none-eabi/13.3.1/../../../../arm-none-eabi/lib/thumb/v6-m/nofp\libc_nano.a(libc_a-mlock.o)
                0x08003ffc                __malloc_lock
 .text.__malloc_unlock
                0x0800400c       0x10 C:/Users/lucad/OneDrive/Desktop/SCUOLA/SCUOLA a.s. 2025_26 IV^/STM32/STM32CubeIDE_2.0.0/STM32CubeIDE/plugins/com.st.stm32cube.ide.mcu.externaltools.gnu-tools-for-stm32.13.3.rel1.win32_1.0.100.202509120712/tools/bin/../lib/gcc/arm-none-eabi/13.3.1/../../../../arm-none-eabi/lib/thumb/v6-m/nofp\libc_nano.a(libc_a-mlock.o)
                0x0800400c                __malloc_unlock
 .text.__ssputs_r
                0x0800401c       0xc0 C:/Users/lucad/OneDrive/Desktop/SCUOLA/SCUOLA a.s. 2025_26 IV^/STM32/STM32CubeIDE_2.0.0/STM32CubeIDE/plugins/com.st.stm32cube.ide.mcu.externaltools.gnu-tools-for-stm32.13.3.rel1.win32_1.0.100.202509120712/tools/bin/../lib/gcc/arm-none-eabi/13.3.1/../../../../arm-none-eabi/lib/thumb/v6-m/nofp\libc_nano.a(libc_a-nano-svfprintf.o)
                0x0800401c                __ssputs_r
 .text._svfprintf_r
                0x080040dc      0x1fc C:/Users/lucad/OneDrive/Desktop/SCUOLA/SCUOLA a.s. 2025_26 IV^/STM32/STM32CubeIDE_2.0.0/STM32CubeIDE/plugins/com.st.stm32cube.ide.mcu.externaltools.gnu-tools-for-stm32.13.3.rel1.win32_1.0.100.202509120712/tools/bin/../lib/gcc/arm-none-eabi/13.3.1/../../../../arm-none-eabi/lib/thumb/v6-m/nofp\libc_nano.a(libc_a-nano-svfprintf.o)
                0x080040dc                _svfiprintf_r
                0x080040dc                _svfprintf_r
 .text._printf_common
                0x080042d8       0xde C:/Users/lucad/OneDrive/Desktop/SCUOLA/SCUOLA a.s. 2025_26 IV^/STM32/STM32CubeIDE_2.0.0/STM32CubeIDE/plugins/com.st.stm32cube.ide.mcu.externaltools.gnu-tools-for-stm32.13.3.rel1.win32_1.0.100.202509120712/tools/bin/../lib/gcc/arm-none-eabi/13.3.1/../../../../arm-none-eabi/lib/thumb/v6-m/nofp\libc_nano.a(libc_a-nano-vfprintf_i.o)
                0x080042d8                _printf_common
 *fill*         0x080043b6        0x2 
 .text._printf_i
                0x080043b8      0x218 C:/Users/lucad/OneDrive/Desktop/SCUOLA/SCUOLA a.s. 2025_26 IV^/STM32/STM32CubeIDE_2.0.0/STM32CubeIDE/plugins/com.st.stm32cube.ide.mcu.externaltools.gnu-tools-for-stm32.13.3.rel1.win32_1.0.100.202509120712/tools/bin/../lib/gcc/arm-none-eabi/13.3.1/../../../../arm-none-eabi/lib/thumb/v6-m/nofp\libc_nano.a(libc_a-nano-vfprintf_i.o)
                0x080043b8                _printf_i
 .text.memmove  0x080045d0       0x24 C:/Users/lucad/OneDrive/Desktop/SCUOLA/SCUOLA a.s. 2025_26 IV^/STM32/STM32CubeIDE_2.0.0/STM32CubeIDE/plugins/com.st.stm32cube.ide.mcu.externaltools.gnu-tools-for-stm32.13.3.rel1.win32_1.0.100.202509120712/tools/bin/../lib/gcc/arm-none-eabi/13.3.1/../../../../arm-none-eabi/lib/thumb/v6-m/nofp\libc_nano.a(libc_a-memmove.o)
                0x080045d0                memmove
 .text._sbrk_r  0x080045f4       0x24 C:/Users/lucad/OneDrive/Desktop/SCUOLA/SCUOLA a.s. 2025_26 IV^/STM32/STM32CubeIDE_2.0.0/STM32CubeIDE/plugins/com.st.stm32cube.ide.mcu.externaltools.gnu-tools-for-stm32.13.3.rel1.win32_1.0.100.202509120712/tools/bin/../lib/gcc/arm-none-eabi/13.3.1/../../../../arm-none-eabi/lib/thumb/v6-m/nofp\libc_nano.a(libc_a-sbrkr.o)
                0x080045f4                _sbrk_r
 .text.memchr   0x08004618       0x16 C:/Users/lucad/OneDrive/Desktop/SCUOLA/SCUOLA a.s. 2025_26 IV^/STM32/STM32CubeIDE_2.0.0/STM32CubeIDE/plugins/com.st.stm32cube.ide.mcu.externaltools.gnu-tools-for-stm32.13.3.rel1.win32_1.0.100.202509120712/tools/bin/../lib/gcc/arm-none-eabi/13.3.1/../../../../arm-none-eabi/lib/thumb/v6-m/nofp\libc_nano.a(libc_a-memchr-stub.o)
                0x08004618                memchr
 .text.memcpy   0x0800462e       0x12 C:/Users/lucad/OneDrive/Desktop/SCUOLA/SCUOLA a.s. 2025_26 IV^/STM32/STM32CubeIDE_2.0.0/STM32CubeIDE/plugins/com.st.stm32cube.ide.mcu.externaltools.gnu-tools-for-stm32.13.3.rel1.win32_1.0.100.202509120712/tools/bin/../lib/gcc/arm-none-eabi/13.3.1/../../../../arm-none-eabi/lib/thumb/v6-m/nofp\libc_nano.a(libc_a-memcpy-stub.o)
                0x0800462e                memcpy
 .text._realloc_r
                0x08004640       0x60 C:/Users/lucad/OneDrive/Desktop/SCUOLA/SCUOLA a.s. 2025_26 IV^/STM32/STM32CubeIDE_2.0.0/STM32CubeIDE/plugins/com.st.stm32cube.ide.mcu.externaltools.gnu-tools-for-stm32.13.3.rel1.win32_1.0.100.202509120712/tools/bin/../lib/gcc/arm-none-eabi/13.3.1/../../../../arm-none-eabi/lib/thumb/v6-m/nofp\libc_nano.a(libc_a-reallocr.o)
                0x08004640                _realloc_r
 .text._malloc_usable_size_r
                0x080046a0       0x10 C:/Users/lucad/OneDrive/Desktop/SCUOLA/SCUOLA a.s. 2025_26 IV^/STM32/STM32CubeIDE_2.0.0/STM32CubeIDE/plugins/com.st.stm32cube.ide.mcu.externaltools.gnu-tools-for-stm32.13.3.rel1.win32_1.0.100.202509120712/tools/bin/../lib/gcc/arm-none-eabi/13.3.1/../../../../arm-none-eabi/lib/thumb/v6-m/nofp\libc_nano.a(libc_a-msizer.o)
                0x080046a0                _malloc_usable_size_r
 *(.glue_7)
 .glue_7        0x080046b0        0x0 linker stubs
 *(.glue_7t)
 .glue_7t       0x080046b0        0x0 linker stubs
 *(.eh_frame)
 .eh_frame      0x080046b0        0x0 C:/Users/lucad/OneDrive/Desktop/SCUOLA/SCUOLA a.s. 2025_26 IV^/STM32/STM32CubeIDE_2.0.0/STM32CubeIDE/plugins/com.st.stm32cube.ide.mcu.externaltools.gnu-tools-for-stm32.13.3.rel1.win32_1.0.100.202509120712/tools/bin/../lib/gcc/arm-none-eabi/13.3.1/thumb/v6-m/nofp/crtbegin.o
 *(.init)
 .init          0x080046b0        0x4 C:/Users/lucad/OneDrive/Desktop/SCUOLA/SCUOLA a.s. 2025_26 IV^/STM32/STM32CubeIDE_2.0.0/STM32CubeIDE/plugins/com.st.stm32cube.ide.mcu.externaltools.gnu-tools-for-stm32.13.3.rel1.win32_1.0.100.202509120712/tools/bin/../lib/gcc/arm-none-eabi/13.3.1/thumb/v6-m/nofp/crti.o
                0x080046b0                _init
 .init          0x080046b4        0x8 C:/Users/lucad/OneDrive/Desktop/SCUOLA/SCUOLA a.s. 2025_26 IV^/STM32/STM32CubeIDE_2.0.0/STM32CubeIDE/plugins/com.st.stm32cube.ide.mcu.externaltools.gnu-tools-for-stm32.13.3.rel1.win32_1.0.100.202509120712/tools/bin/../lib/gcc/arm-none-eabi/13.3.1/thumb/v6-m/nofp/crtn.o
 *(.fini)
 .fini          0x080046bc        0x4 C:/Users/lucad/OneDrive/Desktop/SCUOLA/SCUOLA a.s. 2025_26 IV^/STM32/STM32CubeIDE_2.0.0/STM32CubeIDE/plugins/com.st.stm32cube.ide.mcu.externaltools.gnu-tools-for-stm32.13.3.rel1.win32_1.0.100.202509120712/tools/bin/../lib/gcc/arm-none-eabi/13.3.1/thumb/v6-m/nofp/crti.o
                0x080046bc                _fini
 .fini          0x080046c0        0x8 C:/Users/lucad/OneDrive/Desktop/SCUOLA/SCUOLA a.s. 2025_26 IV^/STM32/STM32CubeIDE_2.0.0/STM32CubeIDE/plugins/com.st.stm32cube.ide.mcu.externaltools.gnu-tools-for-stm32.13.3.rel1.win32_1.0.100.202509120712/tools/bin/../lib/gcc/arm-none-eabi/13.3.1/thumb/v6-m/nofp/crtn.o
                0x080046c8                        . = ALIGN (0x4)
                0x080046c8                        _etext = .

.vfp11_veneer   0x080046c8        0x0
 .vfp11_veneer  0x080046c8        0x0 linker stubs

.v4_bx          0x080046c8        0x0
 .v4_bx         0x080046c8        0x0 linker stubs

.iplt           0x080046c8        0x0
 .iplt          0x080046c8        0x0 C:/Users/lucad/OneDrive/Desktop/SCUOLA/SCUOLA a.s. 2025_26 IV^/STM32/STM32CubeIDE_2.0.0/STM32CubeIDE/plugins/com.st.stm32cube.ide.mcu.externaltools.gnu-tools-for-stm32.13.3.rel1.win32_1.0.100.202509120712/tools/bin/../lib/gcc/arm-none-eabi/13.3.1/thumb/v6-m/nofp/crtbegin.o

.rodata         0x080046c8      0x6b4
                0x080046c8                        . = ALIGN (0x4)
 *(.rodata)
 .rodata        0x080046c8      0x5fb ./Core/Src/ESP8266_HAL.o
 *fill*         0x08004cc3        0x1 
 .rodata        0x08004cc4       0x17 ./Core/Src/main.o
 *(.rodata*)
 *fill*         0x08004cdb        0x1 
 .rodata.AHBPrescTable
                0x08004cdc       0x10 ./Core/Src/system_stm32l0xx.o
                0x08004cdc                AHBPrescTable
 .rodata.APBPrescTable
                0x08004cec        0x8 ./Core/Src/system_stm32l0xx.o
                0x08004cec                APBPrescTable
 .rodata.PLLMulTable
                0x08004cf4        0x9 ./Core/Src/system_stm32l0xx.o
                0x08004cf4                PLLMulTable
 *fill*         0x08004cfd        0x3 
 .rodata.UART_SetConfig
                0x08004d00       0x48 ./Drivers/STM32L0xx_HAL_Driver/Src/stm32l0xx_hal_uart.o
 .rodata._svfprintf_r.str1.1
                0x08004d48       0x33 C:/Users/lucad/OneDrive/Desktop/SCUOLA/SCUOLA a.s. 2025_26 IV^/STM32/STM32CubeIDE_2.0.0/STM32CubeIDE/plugins/com.st.stm32cube.ide.mcu.externaltools.gnu-tools-for-stm32.13.3.rel1.win32_1.0.100.202509120712/tools/bin/../lib/gcc/arm-none-eabi/13.3.1/../../../../arm-none-eabi/lib/thumb/v6-m/nofp\libc_nano.a(libc_a-nano-svfprintf.o)
                                 0x11 (size before relaxing)
 .rodata._printf_i.str1.1
                0x08004d7b        0x0 C:/Users/lucad/OneDrive/Desktop/SCUOLA/SCUOLA a.s. 2025_26 IV^/STM32/STM32CubeIDE_2.0.0/STM32CubeIDE/plugins/com.st.stm32cube.ide.mcu.externaltools.gnu-tools-for-stm32.13.3.rel1.win32_1.0.100.202509120712/tools/bin/../lib/gcc/arm-none-eabi/13.3.1/../../../../arm-none-eabi/lib/thumb/v6-m/nofp\libc_nano.a(libc_a-nano-vfprintf_i.o)
                                 0x22 (size before relaxing)
                0x08004d7c                        . = ALIGN (0x4)
 *fill*         0x08004d7b        0x1 

.ARM.extab      0x08004d7c        0x0
                0x08004d7c                        . = ALIGN (0x4)
 *(.ARM.extab* .gnu.linkonce.armextab.*)
                0x08004d7c                        . = ALIGN (0x4)

.ARM            0x08004d7c        0x8
                0x08004d7c                        . = ALIGN (0x4)
                0x08004d7c                        __exidx_start = .
 *(.ARM.exidx*)
 .ARM.exidx     0x08004d7c        0x8 C:/Users/lucad/OneDrive/Desktop/SCUOLA/SCUOLA a.s. 2025_26 IV^/STM32/STM32CubeIDE_2.0.0/STM32CubeIDE/plugins/com.st.stm32cube.ide.mcu.externaltools.gnu-tools-for-stm32.13.3.rel1.win32_1.0.100.202509120712/tools/bin/../lib/gcc/arm-none-eabi/13.3.1/thumb/v6-m/nofp\libgcc.a(_udivmoddi4.o)
                0x08004d84                        __exidx_end = .
                0x08004d84                        . = ALIGN (0x4)

.preinit_array  0x08004d84        0x0
                0x08004d84                        . = ALIGN (0x4)
                0x08004d84                        PROVIDE (__preinit_array_start = .)
 *(.preinit_array*)
                0x08004d84                        PROVIDE (__preinit_array_end = .)
                0x08004d84                        . = ALIGN (0x4)

.init_array     0x08004d84        0x4
                0x08004d84                        . = ALIGN (0x4)
                0x08004d84                        PROVIDE (__init_array_start = .)
 *(SORT_BY_NAME(.init_array.*))
 *(.init_array*)
 .init_array    0x08004d84        0x4 C:/Users/lucad/OneDrive/Desktop/SCUOLA/SCUOLA a.s. 2025_26 IV^/STM32/STM32CubeIDE_2.0.0/STM32CubeIDE/plugins/com.st.stm32cube.ide.mcu.externaltools.gnu-tools-for-stm32.13.3.rel1.win32_1.0.100.202509120712/tools/bin/../lib/gcc/arm-none-eabi/13.3.1/thumb/v6-m/nofp/crtbegin.o
                0x08004d88                        PROVIDE (__init_array_end = .)
                0x08004d88                        . = ALIGN (0x4)

.fini_array     0x08004d88        0x4
                0x08004d88                        . = ALIGN (0x4)
                [!provide]                        PROVIDE (__fini_array_start = .)
 *(SORT_BY_NAME(.fini_array.*))
 *(.fini_array*)
 .fini_array    0x08004d88        0x4 C:/Users/lucad/OneDrive/Desktop/SCUOLA/SCUOLA a.s. 2025_26 IV^/STM32/STM32CubeIDE_2.0.0/STM32CubeIDE/plugins/com.st.stm32cube.ide.mcu.externaltools.gnu-tools-for-stm32.13.3.rel1.win32_1.0.100.202509120712/tools/bin/../lib/gcc/arm-none-eabi/13.3.1/thumb/v6-m/nofp/crtbegin.o
                [!provide]                        PROVIDE (__fini_array_end = .)
                0x08004d8c                        . = ALIGN (0x4)
                0x08004d8c                        _sidata = LOADADDR (.data)

.rel.dyn        0x08004d8c        0x0
 .rel.iplt      0x08004d8c        0x0 C:/Users/lucad/OneDrive/Desktop/SCUOLA/SCUOLA a.s. 2025_26 IV^/STM32/STM32CubeIDE_2.0.0/STM32CubeIDE/plugins/com.st.stm32cube.ide.mcu.externaltools.gnu-tools-for-stm32.13.3.rel1.win32_1.0.100.202509120712/tools/bin/../lib/gcc/arm-none-eabi/13.3.1/thumb/v6-m/nofp/crtbegin.o

.data           0x20000000       0x6c load address 0x08004d8c
                0x20000000                        . = ALIGN (0x4)
                0x20000000                        _sdata = .
 *(.data)
 *(.data*)
 .data.Basic_inclusion
                0x20000000        0x4 ./Core/Src/ESP8266_HAL.o
                0x20000000                Basic_inclusion
 .data.LED_ON   0x20000004        0x4 ./Core/Src/ESP8266_HAL.o
                0x20000004                LED_ON
 .data.LED_OFF  0x20000008        0x4 ./Core/Src/ESP8266_HAL.o
                0x20000008                LED_OFF
 .data.Terminate
                0x2000000c        0x4 ./Core/Src/ESP8266_HAL.o
                0x2000000c                Terminate
 .data.SystemCoreClock
                0x20000010        0x4 ./Core/Src/system_stm32l0xx.o
                0x20000010                SystemCoreClock
 .data.uwTickPrio
                0x20000014        0x4 ./Drivers/STM32L0xx_HAL_Driver/Src/stm32l0xx_hal.o
                0x20000014                uwTickPrio
 .data.uwTickFreq
                0x20000018        0x1 ./Drivers/STM32L0xx_HAL_Driver/Src/stm32l0xx_hal.o
                0x20000018                uwTickFreq
 *fill*         0x20000019        0x3 
 .data._impure_ptr
                0x2000001c        0x4 C:/Users/lucad/OneDrive/Desktop/SCUOLA/SCUOLA a.s. 2025_26 IV^/STM32/STM32CubeIDE_2.0.0/STM32CubeIDE/plugins/com.st.stm32cube.ide.mcu.externaltools.gnu-tools-for-stm32.13.3.rel1.win32_1.0.100.202509120712/tools/bin/../lib/gcc/arm-none-eabi/13.3.1/../../../../arm-none-eabi/lib/thumb/v6-m/nofp\libc_nano.a(libc_a-impure.o)
                0x2000001c                _impure_ptr
 .data._impure_data
                0x20000020       0x4c C:/Users/lucad/OneDrive/Desktop/SCUOLA/SCUOLA a.s. 2025_26 IV^/STM32/STM32CubeIDE_2.0.0/STM32CubeIDE/plugins/com.st.stm32cube.ide.mcu.externaltools.gnu-tools-for-stm32.13.3.rel1.win32_1.0.100.202509120712/tools/bin/../lib/gcc/arm-none-eabi/13.3.1/../../../../arm-none-eabi/lib/thumb/v6-m/nofp\libc_nano.a(libc_a-impure.o)
                0x20000020                _impure_data
 *(.RamFunc)
 *(.RamFunc*)
                0x2000006c                        . = ALIGN (0x4)
                0x2000006c                        _edata = .

.igot.plt       0x2000006c        0x0 load address 0x08004df8
 .igot.plt      0x2000006c        0x0 C:/Users/lucad/OneDrive/Desktop/SCUOLA/SCUOLA a.s. 2025_26 IV^/STM32/STM32CubeIDE_2.0.0/STM32CubeIDE/plugins/com.st.stm32cube.ide.mcu.externaltools.gnu-tools-for-stm32.13.3.rel1.win32_1.0.100.202509120712/tools/bin/../lib/gcc/arm-none-eabi/13.3.1/thumb/v6-m/nofp/crtbegin.o
                0x2000006c                        . = ALIGN (0x4)

.bss            0x2000006c      0x3c0 load address 0x08004df8
                0x2000006c                        _sbss = .
                0x2000006c                        __bss_start__ = _sbss
 *(.bss)
 .bss           0x2000006c       0x1c C:/Users/lucad/OneDrive/Desktop/SCUOLA/SCUOLA a.s. 2025_26 IV^/STM32/STM32CubeIDE_2.0.0/STM32CubeIDE/plugins/com.st.stm32cube.ide.mcu.externaltools.gnu-tools-for-stm32.13.3.rel1.win32_1.0.100.202509120712/tools/bin/../lib/gcc/arm-none-eabi/13.3.1/thumb/v6-m/nofp/crtbegin.o
 *(.bss*)
 .bss.buffer    0x20000088       0x14 ./Core/Src/ESP8266_HAL.o
                0x20000088                buffer
 .bss.rx_buffer1
                0x2000009c       0x48 ./Core/Src/UartRingbuffer_multi.o
                0x2000009c                rx_buffer1
 .bss.tx_buffer1
                0x200000e4       0x48 ./Core/Src/UartRingbuffer_multi.o
                0x200000e4                tx_buffer1
 .bss.rx_buffer2
                0x2000012c       0x48 ./Core/Src/UartRingbuffer_multi.o
                0x2000012c                rx_buffer2
 .bss.tx_buffer2
                0x20000174       0x48 ./Core/Src/UartRingbuffer_multi.o
                0x20000174                tx_buffer2
 .bss._rx_buffer1
                0x200001bc        0x4 ./Core/Src/UartRingbuffer_multi.o
                0x200001bc                _rx_buffer1
 .bss._tx_buffer1
                0x200001c0        0x4 ./Core/Src/UartRingbuffer_multi.o
                0x200001c0                _tx_buffer1
 .bss._rx_buffer2
                0x200001c4        0x4 ./Core/Src/UartRingbuffer_multi.o
                0x200001c4                _rx_buffer2
 .bss._tx_buffer2
                0x200001c8        0x4 ./Core/Src/UartRingbuffer_multi.o
                0x200001c8                _tx_buffer2
 .bss.huart1    0x200001cc       0x88 ./Core/Src/main.o
                0x200001cc                huart1
 .bss.huart2    0x20000254       0x88 ./Core/Src/main.o
                0x20000254                huart2
 .bss.__sbrk_heap_end
                0x200002dc        0x4 ./Core/Src/sysmem.o
 .bss.uwTick    0x200002e0        0x4 ./Drivers/STM32L0xx_HAL_Driver/Src/stm32l0xx_hal.o
                0x200002e0                uwTick
 .bss.__sf      0x200002e4      0x138 C:/Users/lucad/OneDrive/Desktop/SCUOLA/SCUOLA a.s. 2025_26 IV^/STM32/STM32CubeIDE_2.0.0/STM32CubeIDE/plugins/com.st.stm32cube.ide.mcu.externaltools.gnu-tools-for-stm32.13.3.rel1.win32_1.0.100.202509120712/tools/bin/../lib/gcc/arm-none-eabi/13.3.1/../../../../arm-none-eabi/lib/thumb/v6-m/nofp\libc_nano.a(libc_a-findfp.o)
                0x200002e4                __sf
 .bss.errno     0x2000041c        0x4 C:/Users/lucad/OneDrive/Desktop/SCUOLA/SCUOLA a.s. 2025_26 IV^/STM32/STM32CubeIDE_2.0.0/STM32CubeIDE/plugins/com.st.stm32cube.ide.mcu.externaltools.gnu-tools-for-stm32.13.3.rel1.win32_1.0.100.202509120712/tools/bin/../lib/gcc/arm-none-eabi/13.3.1/../../../../arm-none-eabi/lib/thumb/v6-m/nofp\libc_nano.a(libc_a-reent.o)
                0x2000041c                errno
 .bss.__lock___malloc_recursive_mutex
                0x20000420        0x1 C:/Users/lucad/OneDrive/Desktop/SCUOLA/SCUOLA a.s. 2025_26 IV^/STM32/STM32CubeIDE_2.0.0/STM32CubeIDE/plugins/com.st.stm32cube.ide.mcu.externaltools.gnu-tools-for-stm32.13.3.rel1.win32_1.0.100.202509120712/tools/bin/../lib/gcc/arm-none-eabi/13.3.1/../../../../arm-none-eabi/lib/thumb/v6-m/nofp\libc_nano.a(libc_a-lock.o)
                0x20000420                __lock___malloc_recursive_mutex
 *fill*         0x20000421        0x3 
 .bss.__malloc_sbrk_start
                0x20000424        0x4 C:/Users/lucad/OneDrive/Desktop/SCUOLA/SCUOLA a.s. 2025_26 IV^/STM32/STM32CubeIDE_2.0.0/STM32CubeIDE/plugins/com.st.stm32cube.ide.mcu.externaltools.gnu-tools-for-stm32.13.3.rel1.win32_1.0.100.202509120712/tools/bin/../lib/gcc/arm-none-eabi/13.3.1/../../../../arm-none-eabi/lib/thumb/v6-m/nofp\libc_nano.a(libc_a-mallocr.o)
                0x20000424                __malloc_sbrk_start
 .bss.__malloc_free_list
                0x20000428        0x4 C:/Users/lucad/OneDrive/Desktop/SCUOLA/SCUOLA a.s. 2025_26 IV^/STM32/STM32CubeIDE_2.0.0/STM32CubeIDE/plugins/com.st.stm32cube.ide.mcu.externaltools.gnu-tools-for-stm32.13.3.rel1.win32_1.0.100.202509120712/tools/bin/../lib/gcc/arm-none-eabi/13.3.1/../../../../arm-none-eabi/lib/thumb/v6-m/nofp\libc_nano.a(libc_a-mallocr.o)
                0x20000428                __malloc_free_list
 *(COMMON)
                0x2000042c                        . = ALIGN (0x4)
                0x2000042c                        _ebss = .
                0x2000042c                        __bss_end__ = _ebss

._user_heap_stack
                0x2000042c      0x604 load address 0x08004df8
                0x20000430                        . = ALIGN (0x8)
 *fill*         0x2000042c        0x4 
                [!provide]                        PROVIDE (end = .)
                0x20000430                        PROVIDE (_end = .)
                0x20000630                        . = (. + _Min_Heap_Size)
 *fill*         0x20000430      0x200 
                0x20000a30                        . = (. + _Min_Stack_Size)
 *fill*         0x20000630      0x400 
                0x20000a30                        . = ALIGN (0x8)

/DISCARD/
 libc.a(*)
 libm.a(*)
 libgcc.a(*)

.ARM.attributes
                0x00000000       0x28
 *(.ARM.attributes)
 .ARM.attributes
                0x00000000       0x1e C:/Users/lucad/OneDrive/Desktop/SCUOLA/SCUOLA a.s. 2025_26 IV^/STM32/STM32CubeIDE_2.0.0/STM32CubeIDE/plugins/com.st.stm32cube.ide.mcu.externaltools.gnu-tools-for-stm32.13.3.rel1.win32_1.0.100.202509120712/tools/bin/../lib/gcc/arm-none-eabi/13.3.1/thumb/v6-m/nofp/crti.o
 .ARM.attributes
                0x0000001e       0x2c C:/Users/lucad/OneDrive/Desktop/SCUOLA/SCUOLA a.s. 2025_26 IV^/STM32/STM32CubeIDE_2.0.0/STM32CubeIDE/plugins/com.st.stm32cube.ide.mcu.externaltools.gnu-tools-for-stm32.13.3.rel1.win32_1.0.100.202509120712/tools/bin/../lib/gcc/arm-none-eabi/13.3.1/thumb/v6-m/nofp/crtbegin.o
 .ARM.attributes
                0x0000004a       0x2c ./Core/Src/ESP8266_HAL.o
 .ARM.attributes
                0x00000076       0x2c ./Core/Src/UartRingbuffer_multi.o
 .ARM.attributes
                0x000000a2       0x2c ./Core/Src/main.o
 .ARM.attributes
                0x000000ce       0x2c ./Core/Src/stm32l0xx_hal_msp.o
 .ARM.attributes
                0x000000fa       0x2c ./Core/Src/stm32l0xx_it.o
 .ARM.attributes
                0x00000126       0x2c ./Core/Src/sysmem.o
 .ARM.attributes
                0x00000152       0x2c ./Core/Src/system_stm32l0xx.o
 .ARM.attributes
                0x0000017e       0x22 ./Core/Startup/startup_stm32l073rztx.o
 .ARM.attributes
                0x000001a0       0x2c ./Drivers/STM32L0xx_HAL_Driver/Src/stm32l0xx_hal.o
 .ARM.attributes
                0x000001cc       0x2c ./Drivers/STM32L0xx_HAL_Driver/Src/stm32l0xx_hal_cortex.o
 .ARM.attributes
                0x000001f8       0x2c ./Drivers/STM32L0xx_HAL_Driver/Src/stm32l0xx_hal_dma.o
 .ARM.attributes
                0x00000224       0x2c ./Drivers/STM32L0xx_HAL_Driver/Src/stm32l0xx_hal_gpio.o
 .ARM.attributes
                0x00000250       0x2c ./Drivers/STM32L0xx_HAL_Driver/Src/stm32l0xx_hal_rcc.o
 .ARM.attributes
                0x0000027c       0x2c ./Drivers/STM32L0xx_HAL_Driver/Src/stm32l0xx_hal_rcc_ex.o
 .ARM.attributes
                0x000002a8       0x2c ./Drivers/STM32L0xx_HAL_Driver/Src/stm32l0xx_hal_uart.o
 .ARM.attributes
                0x000002d4       0x2c ./Drivers/STM32L0xx_HAL_Driver/Src/stm32l0xx_hal_uart_ex.o
 .ARM.attributes
                0x00000300       0x2c C:/Users/lucad/OneDrive/Desktop/SCUOLA/SCUOLA a.s. 2025_26 IV^/STM32/STM32CubeIDE_2.0.0/STM32CubeIDE/plugins/com.st.stm32cube.ide.mcu.externaltools.gnu-tools-for-stm32.13.3.rel1.win32_1.0.100.202509120712/tools/bin/../lib/gcc/arm-none-eabi/13.3.1/../../../../arm-none-eabi/lib/thumb/v6-m/nofp\libc_nano.a(libc_a-findfp.o)
 .ARM.attributes
                0x0000032c       0x2c C:/Users/lucad/OneDrive/Desktop/SCUOLA/SCUOLA a.s. 2025_26 IV^/STM32/STM32CubeIDE_2.0.0/STM32CubeIDE/plugins/com.st.stm32cube.ide.mcu.externaltools.gnu-tools-for-stm32.13.3.rel1.win32_1.0.100.202509120712/tools/bin/../lib/gcc/arm-none-eabi/13.3.1/../../../../arm-none-eabi/lib/thumb/v6-m/nofp\libc_nano.a(libc_a-sprintf.o)
 .ARM.attributes
                0x00000358       0x2c C:/Users/lucad/OneDrive/Desktop/SCUOLA/SCUOLA a.s. 2025_26 IV^/STM32/STM32CubeIDE_2.0.0/STM32CubeIDE/plugins/com.st.stm32cube.ide.mcu.externaltools.gnu-tools-for-stm32.13.3.rel1.win32_1.0.100.202509120712/tools/bin/../lib/gcc/arm-none-eabi/13.3.1/../../../../arm-none-eabi/lib/thumb/v6-m/nofp\libc_nano.a(libc_a-memset.o)
 .ARM.attributes
                0x00000384       0x2c C:/Users/lucad/OneDrive/Desktop/SCUOLA/SCUOLA a.s. 2025_26 IV^/STM32/STM32CubeIDE_2.0.0/STM32CubeIDE/plugins/com.st.stm32cube.ide.mcu.externaltools.gnu-tools-for-stm32.13.3.rel1.win32_1.0.100.202509120712/tools/bin/../lib/gcc/arm-none-eabi/13.3.1/../../../../arm-none-eabi/lib/thumb/v6-m/nofp\libc_nano.a(libc_a-strcat.o)
 .ARM.attributes
                0x000003b0       0x2c C:/Users/lucad/OneDrive/Desktop/SCUOLA/SCUOLA a.s. 2025_26 IV^/STM32/STM32CubeIDE_2.0.0/STM32CubeIDE/plugins/com.st.stm32cube.ide.mcu.externaltools.gnu-tools-for-stm32.13.3.rel1.win32_1.0.100.202509120712/tools/bin/../lib/gcc/arm-none-eabi/13.3.1/../../../../arm-none-eabi/lib/thumb/v6-m/nofp\libc_nano.a(libc_a-reent.o)
 .ARM.attributes
                0x000003dc       0x2c C:/Users/lucad/OneDrive/Desktop/SCUOLA/SCUOLA a.s. 2025_26 IV^/STM32/STM32CubeIDE_2.0.0/STM32CubeIDE/plugins/com.st.stm32cube.ide.mcu.externaltools.gnu-tools-for-stm32.13.3.rel1.win32_1.0.100.202509120712/tools/bin/../lib/gcc/arm-none-eabi/13.3.1/../../../../arm-none-eabi/lib/thumb/v6-m/nofp\libc_nano.a(libc_a-impure.o)
 .ARM.attributes
                0x00000408       0x2c C:/Users/lucad/OneDrive/Desktop/SCUOLA/SCUOLA a.s. 2025_26 IV^/STM32/STM32CubeIDE_2.0.0/STM32CubeIDE/plugins/com.st.stm32cube.ide.mcu.externaltools.gnu-tools-for-stm32.13.3.rel1.win32_1.0.100.202509120712/tools/bin/../lib/gcc/arm-none-eabi/13.3.1/../../../../arm-none-eabi/lib/thumb/v6-m/nofp\libc_nano.a(libc_a-errno.o)
 .ARM.attributes
                0x00000434       0x2c C:/Users/lucad/OneDrive/Desktop/SCUOLA/SCUOLA a.s. 2025_26 IV^/STM32/STM32CubeIDE_2.0.0/STM32CubeIDE/plugins/com.st.stm32cube.ide.mcu.externaltools.gnu-tools-for-stm32.13.3.rel1.win32_1.0.100.202509120712/tools/bin/../lib/gcc/arm-none-eabi/13.3.1/../../../../arm-none-eabi/lib/thumb/v6-m/nofp\libc_nano.a(libc_a-init.o)
 .ARM.attributes
                0x00000460       0x2c C:/Users/lucad/OneDrive/Desktop/SCUOLA/SCUOLA a.s. 2025_26 IV^/STM32/STM32CubeIDE_2.0.0/STM32CubeIDE/plugins/com.st.stm32cube.ide.mcu.externaltools.gnu-tools-for-stm32.13.3.rel1.win32_1.0.100.202509120712/tools/bin/../lib/gcc/arm-none-eabi/13.3.1/../../../../arm-none-eabi/lib/thumb/v6-m/nofp\libc_nano.a(libc_a-lock.o)
 .ARM.attributes
                0x0000048c       0x1c C:/Users/lucad/OneDrive/Desktop/SCUOLA/SCUOLA a.s. 2025_26 IV^/STM32/STM32CubeIDE_2.0.0/STM32CubeIDE/plugins/com.st.stm32cube.ide.mcu.externaltools.gnu-tools-for-stm32.13.3.rel1.win32_1.0.100.202509120712/tools/bin/../lib/gcc/arm-none-eabi/13.3.1/../../../../arm-none-eabi/lib/thumb/v6-m/nofp\libc_nano.a(libc_a-strcmp.o)
 .ARM.attributes
                0x000004a8       0x1c C:/Users/lucad/OneDrive/Desktop/SCUOLA/SCUOLA a.s. 2025_26 IV^/STM32/STM32CubeIDE_2.0.0/STM32CubeIDE/plugins/com.st.stm32cube.ide.mcu.externaltools.gnu-tools-for-stm32.13.3.rel1.win32_1.0.100.202509120712/tools/bin/../lib/gcc/arm-none-eabi/13.3.1/../../../../arm-none-eabi/lib/thumb/v6-m/nofp\libc_nano.a(libc_a-strlen.o)
 .ARM.attributes
                0x000004c4       0x2c C:/Users/lucad/OneDrive/Desktop/SCUOLA/SCUOLA a.s. 2025_26 IV^/STM32/STM32CubeIDE_2.0.0/STM32CubeIDE/plugins/com.st.stm32cube.ide.mcu.externaltools.gnu-tools-for-stm32.13.3.rel1.win32_1.0.100.202509120712/tools/bin/../lib/gcc/arm-none-eabi/13.3.1/../../../../arm-none-eabi/lib/thumb/v6-m/nofp\libc_nano.a(libc_a-freer.o)
 .ARM.attributes
                0x000004f0       0x2c C:/Users/lucad/OneDrive/Desktop/SCUOLA/SCUOLA a.s. 2025_26 IV^/STM32/STM32CubeIDE_2.0.0/STM32CubeIDE/plugins/com.st.stm32cube.ide.mcu.externaltools.gnu-tools-for-stm32.13.3.rel1.win32_1.0.100.202509120712/tools/bin/../lib/gcc/arm-none-eabi/13.3.1/../../../../arm-none-eabi/lib/thumb/v6-m/nofp\libc_nano.a(libc_a-mallocr.o)
 .ARM.attributes
                0x0000051c       0x2c C:/Users/lucad/OneDrive/Desktop/SCUOLA/SCUOLA a.s. 2025_26 IV^/STM32/STM32CubeIDE_2.0.0/STM32CubeIDE/plugins/com.st.stm32cube.ide.mcu.externaltools.gnu-tools-for-stm32.13.3.rel1.win32_1.0.100.202509120712/tools/bin/../lib/gcc/arm-none-eabi/13.3.1/../../../../arm-none-eabi/lib/thumb/v6-m/nofp\libc_nano.a(libc_a-mlock.o)
 .ARM.attributes
                0x00000548       0x2c C:/Users/lucad/OneDrive/Desktop/SCUOLA/SCUOLA a.s. 2025_26 IV^/STM32/STM32CubeIDE_2.0.0/STM32CubeIDE/plugins/com.st.stm32cube.ide.mcu.externaltools.gnu-tools-for-stm32.13.3.rel1.win32_1.0.100.202509120712/tools/bin/../lib/gcc/arm-none-eabi/13.3.1/../../../../arm-none-eabi/lib/thumb/v6-m/nofp\libc_nano.a(libc_a-nano-svfprintf.o)
 .ARM.attributes
                0x00000574       0x2c C:/Users/lucad/OneDrive/Desktop/SCUOLA/SCUOLA a.s. 2025_26 IV^/STM32/STM32CubeIDE_2.0.0/STM32CubeIDE/plugins/com.st.stm32cube.ide.mcu.externaltools.gnu-tools-for-stm32.13.3.rel1.win32_1.0.100.202509120712/tools/bin/../lib/gcc/arm-none-eabi/13.3.1/../../../../arm-none-eabi/lib/thumb/v6-m/nofp\libc_nano.a(libc_a-nano-vfprintf_i.o)
 .ARM.attributes
                0x000005a0       0x2c C:/Users/lucad/OneDrive/Desktop/SCUOLA/SCUOLA a.s. 2025_26 IV^/STM32/STM32CubeIDE_2.0.0/STM32CubeIDE/plugins/com.st.stm32cube.ide.mcu.externaltools.gnu-tools-for-stm32.13.3.rel1.win32_1.0.100.202509120712/tools/bin/../lib/gcc/arm-none-eabi/13.3.1/../../../../arm-none-eabi/lib/thumb/v6-m/nofp\libc_nano.a(libc_a-memmove.o)
 .ARM.attributes
                0x000005cc       0x2c C:/Users/lucad/OneDrive/Desktop/SCUOLA/SCUOLA a.s. 2025_26 IV^/STM32/STM32CubeIDE_2.0.0/STM32CubeIDE/plugins/com.st.stm32cube.ide.mcu.externaltools.gnu-tools-for-stm32.13.3.rel1.win32_1.0.100.202509120712/tools/bin/../lib/gcc/arm-none-eabi/13.3.1/../../../../arm-none-eabi/lib/thumb/v6-m/nofp\libc_nano.a(libc_a-sbrkr.o)
 .ARM.attributes
                0x000005f8       0x2c C:/Users/lucad/OneDrive/Desktop/SCUOLA/SCUOLA a.s. 2025_26 IV^/STM32/STM32CubeIDE_2.0.0/STM32CubeIDE/plugins/com.st.stm32cube.ide.mcu.externaltools.gnu-tools-for-stm32.13.3.rel1.win32_1.0.100.202509120712/tools/bin/../lib/gcc/arm-none-eabi/13.3.1/../../../../arm-none-eabi/lib/thumb/v6-m/nofp\libc_nano.a(libc_a-memchr-stub.o)
 .ARM.attributes
                0x00000624       0x2c C:/Users/lucad/OneDrive/Desktop/SCUOLA/SCUOLA a.s. 2025_26 IV^/STM32/STM32CubeIDE_2.0.0/STM32CubeIDE/plugins/com.st.stm32cube.ide.mcu.externaltools.gnu-tools-for-stm32.13.3.rel1.win32_1.0.100.202509120712/tools/bin/../lib/gcc/arm-none-eabi/13.3.1/../../../../arm-none-eabi/lib/thumb/v6-m/nofp\libc_nano.a(libc_a-memcpy-stub.o)
 .ARM.attributes
                0x00000650       0x2c C:/Users/lucad/OneDrive/Desktop/SCUOLA/SCUOLA a.s. 2025_26 IV^/STM32/STM32CubeIDE_2.0.0/STM32CubeIDE/plugins/com.st.stm32cube.ide.mcu.externaltools.gnu-tools-for-stm32.13.3.rel1.win32_1.0.100.202509120712/tools/bin/../lib/gcc/arm-none-eabi/13.3.1/../../../../arm-none-eabi/lib/thumb/v6-m/nofp\libc_nano.a(libc_a-reallocr.o)
 .ARM.attributes
                0x0000067c       0x2c C:/Users/lucad/OneDrive/Desktop/SCUOLA/SCUOLA a.s. 2025_26 IV^/STM32/STM32CubeIDE_2.0.0/STM32CubeIDE/plugins/com.st.stm32cube.ide.mcu.externaltools.gnu-tools-for-stm32.13.3.rel1.win32_1.0.100.202509120712/tools/bin/../lib/gcc/arm-none-eabi/13.3.1/../../../../arm-none-eabi/lib/thumb/v6-m/nofp\libc_nano.a(libc_a-msizer.o)
 .ARM.attributes
                0x000006a8       0x1e C:/Users/lucad/OneDrive/Desktop/SCUOLA/SCUOLA a.s. 2025_26 IV^/STM32/STM32CubeIDE_2.0.0/STM32CubeIDE/plugins/com.st.stm32cube.ide.mcu.externaltools.gnu-tools-for-stm32.13.3.rel1.win32_1.0.100.202509120712/tools/bin/../lib/gcc/arm-none-eabi/13.3.1/thumb/v6-m/nofp\libgcc.a(_thumb1_case_shi.o)
 .ARM.attributes
                0x000006c6       0x1e C:/Users/lucad/OneDrive/Desktop/SCUOLA/SCUOLA a.s. 2025_26 IV^/STM32/STM32CubeIDE_2.0.0/STM32CubeIDE/plugins/com.st.stm32cube.ide.mcu.externaltools.gnu-tools-for-stm32.13.3.rel1.win32_1.0.100.202509120712/tools/bin/../lib/gcc/arm-none-eabi/13.3.1/thumb/v6-m/nofp\libgcc.a(_udivsi3.o)
 .ARM.attributes
                0x000006e4       0x1e C:/Users/lucad/OneDrive/Desktop/SCUOLA/SCUOLA a.s. 2025_26 IV^/STM32/STM32CubeIDE_2.0.0/STM32CubeIDE/plugins/com.st.stm32cube.ide.mcu.externaltools.gnu-tools-for-stm32.13.3.rel1.win32_1.0.100.202509120712/tools/bin/../lib/gcc/arm-none-eabi/13.3.1/thumb/v6-m/nofp\libgcc.a(_dvmd_tls.o)
 .ARM.attributes
                0x00000702       0x1e C:/Users/lucad/OneDrive/Desktop/SCUOLA/SCUOLA a.s. 2025_26 IV^/STM32/STM32CubeIDE_2.0.0/STM32CubeIDE/plugins/com.st.stm32cube.ide.mcu.externaltools.gnu-tools-for-stm32.13.3.rel1.win32_1.0.100.202509120712/tools/bin/../lib/gcc/arm-none-eabi/13.3.1/thumb/v6-m/nofp\libgcc.a(_aeabi_uldivmod.o)
 .ARM.attributes
                0x00000720       0x2c C:/Users/lucad/OneDrive/Desktop/SCUOLA/SCUOLA a.s. 2025_26 IV^/STM32/STM32CubeIDE_2.0.0/STM32CubeIDE/plugins/com.st.stm32cube.ide.mcu.externaltools.gnu-tools-for-stm32.13.3.rel1.win32_1.0.100.202509120712/tools/bin/../lib/gcc/arm-none-eabi/13.3.1/thumb/v6-m/nofp\libgcc.a(_udivmoddi4.o)
 .ARM.attributes
                0x0000074c       0x1e C:/Users/lucad/OneDrive/Desktop/SCUOLA/SCUOLA a.s. 2025_26 IV^/STM32/STM32CubeIDE_2.0.0/STM32CubeIDE/plugins/com.st.stm32cube.ide.mcu.externaltools.gnu-tools-for-stm32.13.3.rel1.win32_1.0.100.202509120712/tools/bin/../lib/gcc/arm-none-eabi/13.3.1/thumb/v6-m/nofp\libgcc.a(_clzdi2.o)
 .ARM.attributes
                0x0000076a       0x1e C:/Users/lucad/OneDrive/Desktop/SCUOLA/SCUOLA a.s. 2025_26 IV^/STM32/STM32CubeIDE_2.0.0/STM32CubeIDE/plugins/com.st.stm32cube.ide.mcu.externaltools.gnu-tools-for-stm32.13.3.rel1.win32_1.0.100.202509120712/tools/bin/../lib/gcc/arm-none-eabi/13.3.1/thumb/v6-m/nofp\libgcc.a(_clzsi2.o)
 .ARM.attributes
                0x00000788       0x1e C:/Users/lucad/OneDrive/Desktop/SCUOLA/SCUOLA a.s. 2025_26 IV^/STM32/STM32CubeIDE_2.0.0/STM32CubeIDE/plugins/com.st.stm32cube.ide.mcu.externaltools.gnu-tools-for-stm32.13.3.rel1.win32_1.0.100.202509120712/tools/bin/../lib/gcc/arm-none-eabi/13.3.1/thumb/v6-m/nofp/crtn.o
OUTPUT(Termostato_CTL.elf elf32-littlearm)
LOAD linker stubs
LOAD C:/Users/lucad/OneDrive/Desktop/SCUOLA/SCUOLA a.s. 2025_26 IV^/STM32/STM32CubeIDE_2.0.0/STM32CubeIDE/plugins/com.st.stm32cube.ide.mcu.externaltools.gnu-tools-for-stm32.13.3.rel1.win32_1.0.100.202509120712/tools/bin/../lib/gcc/arm-none-eabi/13.3.1/../../../../arm-none-eabi/lib/thumb/v6-m/nofp\libc.a
LOAD C:/Users/lucad/OneDrive/Desktop/SCUOLA/SCUOLA a.s. 2025_26 IV^/STM32/STM32CubeIDE_2.0.0/STM32CubeIDE/plugins/com.st.stm32cube.ide.mcu.externaltools.gnu-tools-for-stm32.13.3.rel1.win32_1.0.100.202509120712/tools/bin/../lib/gcc/arm-none-eabi/13.3.1/../../../../arm-none-eabi/lib/thumb/v6-m/nofp\libm.a
LOAD C:/Users/lucad/OneDrive/Desktop/SCUOLA/SCUOLA a.s. 2025_26 IV^/STM32/STM32CubeIDE_2.0.0/STM32CubeIDE/plugins/com.st.stm32cube.ide.mcu.externaltools.gnu-tools-for-stm32.13.3.rel1.win32_1.0.100.202509120712/tools/bin/../lib/gcc/arm-none-eabi/13.3.1/thumb/v6-m/nofp\libgcc.a

.debug_info     0x00000000     0xb32d
 .debug_info    0x00000000      0xa1d ./Core/Src/ESP8266_HAL.o
 .debug_info    0x00000a1d      0xccd ./Core/Src/UartRingbuffer_multi.o
 .debug_info    0x000016ea      0xd18 ./Core/Src/main.o
 .debug_info    0x00002402      0xa5b ./Core/Src/stm32l0xx_hal_msp.o
 .debug_info    0x00002e5d      0x6d1 ./Core/Src/stm32l0xx_it.o
 .debug_info    0x0000352e      0x168 ./Core/Src/sysmem.o
 .debug_info    0x00003696      0x2d0 ./Core/Src/system_stm32l0xx.o
 .debug_info    0x00003966       0x30 ./Core/Startup/startup_stm32l073rztx.o
 .debug_info    0x00003996      0x8ac ./Drivers/STM32L0xx_HAL_Driver/Src/stm32l0xx_hal.o
 .debug_info    0x00004242      0x8a2 ./Drivers/STM32L0xx_HAL_Driver/Src/stm32l0xx_hal_cortex.o
 .debug_info    0x00004ae4      0x70b ./Drivers/STM32L0xx_HAL_Driver/Src/stm32l0xx_hal_dma.o
 .debug_info    0x000051ef      0x617 ./Drivers/STM32L0xx_HAL_Driver/Src/stm32l0xx_hal_gpio.o
 .debug_info    0x00005806      0xa2a ./Drivers/STM32L0xx_HAL_Driver/Src/stm32l0xx_hal_rcc.o
 .debug_info    0x00006230      0x7ed ./Drivers/STM32L0xx_HAL_Driver/Src/stm32l0xx_hal_rcc_ex.o
 .debug_info    0x00006a1d     0x3b66 ./Drivers/STM32L0xx_HAL_Driver/Src/stm32l0xx_hal_uart.o
 .debug_info    0x0000a583      0xdaa ./Drivers/STM32L0xx_HAL_Driver/Src/stm32l0xx_hal_uart_ex.o

.debug_abbrev   0x00000000     0x206e
 .debug_abbrev  0x00000000      0x257 ./Core/Src/ESP8266_HAL.o
 .debug_abbrev  0x00000257      0x32f ./Core/Src/UartRingbuffer_multi.o
 .debug_abbrev  0x00000586      0x26c ./Core/Src/main.o
 .debug_abbrev  0x000007f2      0x1c8 ./Core/Src/stm32l0xx_hal_msp.o
 .debug_abbrev  0x000009ba      0x19b ./Core/Src/stm32l0xx_it.o
 .debug_abbrev  0x00000b55       0xbc ./Core/Src/sysmem.o
 .debug_abbrev  0x00000c11      0x11c ./Core/Src/system_stm32l0xx.o
 .debug_abbrev  0x00000d2d       0x24 ./Core/Startup/startup_stm32l073rztx.o
 .debug_abbrev  0x00000d51      0x2a0 ./Drivers/STM32L0xx_HAL_Driver/Src/stm32l0xx_hal.o
 .debug_abbrev  0x00000ff1      0x29b ./Drivers/STM32L0xx_HAL_Driver/Src/stm32l0xx_hal_cortex.o
 .debug_abbrev  0x0000128c      0x1cd ./Drivers/STM32L0xx_HAL_Driver/Src/stm32l0xx_hal_dma.o
 .debug_abbrev  0x00001459      0x1cb ./Drivers/STM32L0xx_HAL_Driver/Src/stm32l0xx_hal_gpio.o
 .debug_abbrev  0x00001624      0x296 ./Drivers/STM32L0xx_HAL_Driver/Src/stm32l0xx_hal_rcc.o
 .debug_abbrev  0x000018ba      0x21a ./Drivers/STM32L0xx_HAL_Driver/Src/stm32l0xx_hal_rcc_ex.o
 .debug_abbrev  0x00001ad4      0x2e0 ./Drivers/STM32L0xx_HAL_Driver/Src/stm32l0xx_hal_uart.o
 .debug_abbrev  0x00001db4      0x2ba ./Drivers/STM32L0xx_HAL_Driver/Src/stm32l0xx_hal_uart_ex.o

.debug_aranges  0x00000000      0x8a8
 .debug_aranges
                0x00000000       0x38 ./Core/Src/ESP8266_HAL.o
 .debug_aranges
                0x00000038       0x90 ./Core/Src/UartRingbuffer_multi.o
 .debug_aranges
                0x000000c8       0x48 ./Core/Src/main.o
 .debug_aranges
                0x00000110       0x30 ./Core/Src/stm32l0xx_hal_msp.o
 .debug_aranges
                0x00000140       0x50 ./Core/Src/stm32l0xx_it.o
 .debug_aranges
                0x00000190       0x20 ./Core/Src/sysmem.o
 .debug_aranges
                0x000001b0       0x28 ./Core/Src/system_stm32l0xx.o
 .debug_aranges
                0x000001d8       0x28 ./Core/Startup/startup_stm32l073rztx.o
 .debug_aranges
                0x00000200      0x110 ./Drivers/STM32L0xx_HAL_Driver/Src/stm32l0xx_hal.o
 .debug_aranges
                0x00000310       0xe8 ./Drivers/STM32L0xx_HAL_Driver/Src/stm32l0xx_hal_cortex.o
 .debug_aranges
                0x000003f8       0x80 ./Drivers/STM32L0xx_HAL_Driver/Src/stm32l0xx_hal_dma.o
 .debug_aranges
                0x00000478       0x58 ./Drivers/STM32L0xx_HAL_Driver/Src/stm32l0xx_hal_gpio.o
 .debug_aranges
                0x000004d0       0x80 ./Drivers/STM32L0xx_HAL_Driver/Src/stm32l0xx_hal_rcc.o
 .debug_aranges
                0x00000550       0xb0 ./Drivers/STM32L0xx_HAL_Driver/Src/stm32l0xx_hal_rcc_ex.o
 .debug_aranges
                0x00000600      0x228 ./Drivers/STM32L0xx_HAL_Driver/Src/stm32l0xx_hal_uart.o
 .debug_aranges
                0x00000828       0x80 ./Drivers/STM32L0xx_HAL_Driver/Src/stm32l0xx_hal_uart_ex.o

.debug_rnglists
                0x00000000      0x6b9
 .debug_rnglists
                0x00000000       0x29 ./Core/Src/ESP8266_HAL.o
 .debug_rnglists
                0x00000029       0x8a ./Core/Src/UartRingbuffer_multi.o
 .debug_rnglists
                0x000000b3       0x33 ./Core/Src/main.o
 .debug_rnglists
                0x000000e6       0x20 ./Core/Src/stm32l0xx_hal_msp.o
 .debug_rnglists
                0x00000106       0x37 ./Core/Src/stm32l0xx_it.o
 .debug_rnglists
                0x0000013d       0x13 ./Core/Src/sysmem.o
 .debug_rnglists
                0x00000150       0x1a ./Core/Src/system_stm32l0xx.o
 .debug_rnglists
                0x0000016a       0x19 ./Core/Startup/startup_stm32l073rztx.o
 .debug_rnglists
                0x00000183       0xc7 ./Drivers/STM32L0xx_HAL_Driver/Src/stm32l0xx_hal.o
 .debug_rnglists
                0x0000024a       0xaa ./Drivers/STM32L0xx_HAL_Driver/Src/stm32l0xx_hal_cortex.o
 .debug_rnglists
                0x000002f4       0x65 ./Drivers/STM32L0xx_HAL_Driver/Src/stm32l0xx_hal_dma.o
 .debug_rnglists
                0x00000359       0x3f ./Drivers/STM32L0xx_HAL_Driver/Src/stm32l0xx_hal_gpio.o
 .debug_rnglists
                0x00000398       0x61 ./Drivers/STM32L0xx_HAL_Driver/Src/stm32l0xx_hal_rcc.o
 .debug_rnglists
                0x000003f9       0x85 ./Drivers/STM32L0xx_HAL_Driver/Src/stm32l0xx_hal_rcc_ex.o
 .debug_rnglists
                0x0000047e      0x1db ./Drivers/STM32L0xx_HAL_Driver/Src/stm32l0xx_hal_uart.o
 .debug_rnglists
                0x00000659       0x60 ./Drivers/STM32L0xx_HAL_Driver/Src/stm32l0xx_hal_uart_ex.o

.debug_macro    0x00000000    0x14ba7
 .debug_macro   0x00000000      0x2cf ./Core/Src/ESP8266_HAL.o
 .debug_macro   0x000002cf      0xaae ./Core/Src/ESP8266_HAL.o
 .debug_macro   0x00000d7d      0x119 ./Core/Src/ESP8266_HAL.o
 .debug_macro   0x00000e96       0x2e ./Core/Src/ESP8266_HAL.o
 .debug_macro   0x00000ec4       0x28 ./Core/Src/ESP8266_HAL.o
 .debug_macro   0x00000eec       0x22 ./Core/Src/ESP8266_HAL.o
 .debug_macro   0x00000f0e       0x8e ./Core/Src/ESP8266_HAL.o
 .debug_macro   0x00000f9c       0x51 ./Core/Src/ESP8266_HAL.o
 .debug_macro   0x00000fed      0x103 ./Core/Src/ESP8266_HAL.o
 .debug_macro   0x000010f0       0x6a ./Core/Src/ESP8266_HAL.o
 .debug_macro   0x0000115a      0x1df ./Core/Src/ESP8266_HAL.o
 .debug_macro   0x00001339       0x1c ./Core/Src/ESP8266_HAL.o
 .debug_macro   0x00001355       0x22 ./Core/Src/ESP8266_HAL.o
 .debug_macro   0x00001377       0xaf ./Core/Src/ESP8266_HAL.o
 .debug_macro   0x00001426      0x4da ./Core/Src/ESP8266_HAL.o
 .debug_macro   0x00001900      0x11f ./Core/Src/ESP8266_HAL.o
 .debug_macro   0x00001a1f     0xa683 ./Core/Src/ESP8266_HAL.o
 .debug_macro   0x0000c0a2       0x66 ./Core/Src/ESP8266_HAL.o
 .debug_macro   0x0000c108     0x35ac ./Core/Src/ESP8266_HAL.o
 .debug_macro   0x0000f6b4      0x190 ./Core/Src/ESP8266_HAL.o
 .debug_macro   0x0000f844       0x5c ./Core/Src/ESP8266_HAL.o
 .debug_macro   0x0000f8a0      0x8ea ./Core/Src/ESP8266_HAL.o
 .debug_macro   0x0001018a      0xbb4 ./Core/Src/ESP8266_HAL.o
 .debug_macro   0x00010d3e      0x197 ./Core/Src/ESP8266_HAL.o
 .debug_macro   0x00010ed5      0x13f ./Core/Src/ESP8266_HAL.o
 .debug_macro   0x00011014      0x1d1 ./Core/Src/ESP8266_HAL.o
 .debug_macro   0x000111e5       0x82 ./Core/Src/ESP8266_HAL.o
 .debug_macro   0x00011267      0x28e ./Core/Src/ESP8266_HAL.o
 .debug_macro   0x000114f5      0x1e9 ./Core/Src/ESP8266_HAL.o
 .debug_macro   0x000116de      0x13d ./Core/Src/ESP8266_HAL.o
 .debug_macro   0x0001181b      0x4ac ./Core/Src/ESP8266_HAL.o
 .debug_macro   0x00011cc7      0x186 ./Core/Src/ESP8266_HAL.o
 .debug_macro   0x00011e4d       0x16 ./Core/Src/ESP8266_HAL.o
 .debug_macro   0x00011e63      0x5cf ./Core/Src/ESP8266_HAL.o
 .debug_macro   0x00012432       0x44 ./Core/Src/ESP8266_HAL.o
 .debug_macro   0x00012476      0x1a2 ./Core/Src/ESP8266_HAL.o
 .debug_macro   0x00012618       0x61 ./Core/Src/ESP8266_HAL.o
 .debug_macro   0x00012679       0x24 ./Core/Src/ESP8266_HAL.o
 .debug_macro   0x0001269d       0x43 ./Core/Src/ESP8266_HAL.o
 .debug_macro   0x000126e0       0x34 ./Core/Src/ESP8266_HAL.o
 .debug_macro   0x00012714       0x16 ./Core/Src/ESP8266_HAL.o
 .debug_macro   0x0001272a       0x3c ./Core/Src/ESP8266_HAL.o
 .debug_macro   0x00012766      0x370 ./Core/Src/ESP8266_HAL.o
 .debug_macro   0x00012ad6       0x10 ./Core/Src/ESP8266_HAL.o
 .debug_macro   0x00012ae6       0x16 ./Core/Src/ESP8266_HAL.o
 .debug_macro   0x00012afc       0x4a ./Core/Src/ESP8266_HAL.o
 .debug_macro   0x00012b46       0x34 ./Core/Src/ESP8266_HAL.o
 .debug_macro   0x00012b7a       0x10 ./Core/Src/ESP8266_HAL.o
 .debug_macro   0x00012b8a       0x58 ./Core/Src/ESP8266_HAL.o
 .debug_macro   0x00012be2       0x8e ./Core/Src/ESP8266_HAL.o
 .debug_macro   0x00012c70       0x1c ./Core/Src/ESP8266_HAL.o
 .debug_macro   0x00012c8c      0x185 ./Core/Src/ESP8266_HAL.o
 .debug_macro   0x00012e11       0x16 ./Core/Src/ESP8266_HAL.o
 .debug_macro   0x00012e27       0x16 ./Core/Src/ESP8266_HAL.o
 .debug_macro   0x00012e3d      0x146 ./Core/Src/ESP8266_HAL.o
 .debug_macro   0x00012f83       0x16 ./Core/Src/ESP8266_HAL.o
 .debug_macro   0x00012f99       0x20 ./Core/Src/ESP8266_HAL.o
 .debug_macro   0x00012fb9      0x28b ./Core/Src/UartRingbuffer_multi.o
 .debug_macro   0x00013244       0x10 ./Core/Src/UartRingbuffer_multi.o
 .debug_macro   0x00013254      0x288 ./Core/Src/main.o
 .debug_macro   0x000134dc       0x58 ./Core/Src/main.o
 .debug_macro   0x00013534      0x1b0 ./Core/Src/stm32l0xx_hal_msp.o
 .debug_macro   0x000136e4      0x1ba ./Core/Src/stm32l0xx_it.o
 .debug_macro   0x0001389e      0x198 ./Core/Src/sysmem.o
 .debug_macro   0x00013a36      0x23c ./Core/Src/sysmem.o
 .debug_macro   0x00013c72      0x1a1 ./Core/Src/system_stm32l0xx.o
 .debug_macro   0x00013e13      0x1c5 ./Drivers/STM32L0xx_HAL_Driver/Src/stm32l0xx_hal.o
 .debug_macro   0x00013fd8      0x1a1 ./Drivers/STM32L0xx_HAL_Driver/Src/stm32l0xx_hal_cortex.o
 .debug_macro   0x00014179      0x1a1 ./Drivers/STM32L0xx_HAL_Driver/Src/stm32l0xx_hal_dma.o
 .debug_macro   0x0001431a      0x1a8 ./Drivers/STM32L0xx_HAL_Driver/Src/stm32l0xx_hal_gpio.o
 .debug_macro   0x000144c2      0x1d7 ./Drivers/STM32L0xx_HAL_Driver/Src/stm32l0xx_hal_rcc.o
 .debug_macro   0x00014699      0x1a1 ./Drivers/STM32L0xx_HAL_Driver/Src/stm32l0xx_hal_rcc_ex.o
 .debug_macro   0x0001483a      0x1cc ./Drivers/STM32L0xx_HAL_Driver/Src/stm32l0xx_hal_uart.o
 .debug_macro   0x00014a06      0x1a1 ./Drivers/STM32L0xx_HAL_Driver/Src/stm32l0xx_hal_uart_ex.o

.debug_line     0x00000000     0xddf5
 .debug_line    0x00000000      0xc41 ./Core/Src/ESP8266_HAL.o
 .debug_line    0x00000c41     0x112e ./Core/Src/UartRingbuffer_multi.o
 .debug_line    0x00001d6f      0xb69 ./Core/Src/main.o
 .debug_line    0x000028d8      0x8fd ./Core/Src/stm32l0xx_hal_msp.o
 .debug_line    0x000031d5      0x90b ./Core/Src/stm32l0xx_it.o
 .debug_line    0x00003ae0      0x8a5 ./Core/Src/sysmem.o
 .debug_line    0x00004385      0x929 ./Core/Src/system_stm32l0xx.o
 .debug_line    0x00004cae       0x7b ./Core/Startup/startup_stm32l073rztx.o
 .debug_line    0x00004d29      0xbe8 ./Drivers/STM32L0xx_HAL_Driver/Src/stm32l0xx_hal.o
 .debug_line    0x00005911      0xcb9 ./Drivers/STM32L0xx_HAL_Driver/Src/stm32l0xx_hal_cortex.o
 .debug_line    0x000065ca      0xdab ./Drivers/STM32L0xx_HAL_Driver/Src/stm32l0xx_hal_dma.o
 .debug_line    0x00007375      0xc5d ./Drivers/STM32L0xx_HAL_Driver/Src/stm32l0xx_hal_gpio.o
 .debug_line    0x00007fd2     0x1149 ./Drivers/STM32L0xx_HAL_Driver/Src/stm32l0xx_hal_rcc.o
 .debug_line    0x0000911b      0xf9e ./Drivers/STM32L0xx_HAL_Driver/Src/stm32l0xx_hal_rcc_ex.o
 .debug_line    0x0000a0b9     0x2fba ./Drivers/STM32L0xx_HAL_Driver/Src/stm32l0xx_hal_uart.o
 .debug_line    0x0000d073      0xd82 ./Drivers/STM32L0xx_HAL_Driver/Src/stm32l0xx_hal_uart_ex.o

.debug_str      0x00000000    0x7d553
 .debug_str     0x00000000    0x7d553 ./Core/Src/ESP8266_HAL.o
                              0x7a464 (size before relaxing)
 .debug_str     0x0007d553        0x0 ./Core/Src/UartRingbuffer_multi.o
                              0x79f28 (size before relaxing)
 .debug_str     0x0007d553        0x0 ./Core/Src/main.o
                              0x7a249 (size before relaxing)
 .debug_str     0x0007d553        0x0 ./Core/Src/stm32l0xx_hal_msp.o
                              0x76f22 (size before relaxing)
 .debug_str     0x0007d553        0x0 ./Core/Src/stm32l0xx_it.o
                              0x76c6c (size before relaxing)
 .debug_str     0x0007d553        0x0 ./Core/Src/sysmem.o
                               0x7fe6 (size before relaxing)
 .debug_str     0x0007d553        0x0 ./Core/Src/system_stm32l0xx.o
                              0x76780 (size before relaxing)
 .debug_str     0x0007d553        0x0 ./Core/Startup/startup_stm32l073rztx.o
                                 0x79 (size before relaxing)
 .debug_str     0x0007d553        0x0 ./Drivers/STM32L0xx_HAL_Driver/Src/stm32l0xx_hal.o
                              0x76eb4 (size before relaxing)
 .debug_str     0x0007d553        0x0 ./Drivers/STM32L0xx_HAL_Driver/Src/stm32l0xx_hal_cortex.o
                              0x76c40 (size before relaxing)
 .debug_str     0x0007d553        0x0 ./Drivers/STM32L0xx_HAL_Driver/Src/stm32l0xx_hal_dma.o
                              0x76af4 (size before relaxing)
 .debug_str     0x0007d553        0x0 ./Drivers/STM32L0xx_HAL_Driver/Src/stm32l0xx_hal_gpio.o
                              0x76920 (size before relaxing)
 .debug_str     0x0007d553        0x0 ./Drivers/STM32L0xx_HAL_Driver/Src/stm32l0xx_hal_rcc.o
                              0x76cb9 (size before relaxing)
 .debug_str     0x0007d553        0x0 ./Drivers/STM32L0xx_HAL_Driver/Src/stm32l0xx_hal_rcc_ex.o
                              0x76c83 (size before relaxing)
 .debug_str     0x0007d553        0x0 ./Drivers/STM32L0xx_HAL_Driver/Src/stm32l0xx_hal_uart.o
                              0x77540 (size before relaxing)
 .debug_str     0x0007d553        0x0 ./Drivers/STM32L0xx_HAL_Driver/Src/stm32l0xx_hal_uart_ex.o
                              0x76df5 (size before relaxing)

.comment        0x00000000       0x43
 .comment       0x00000000       0x43 ./Core/Src/ESP8266_HAL.o
                                 0x44 (size before relaxing)
 .comment       0x00000043        0x0 ./Core/Src/UartRingbuffer_multi.o
                                 0x44 (size before relaxing)
 .comment       0x00000043        0x0 ./Core/Src/main.o
                                 0x44 (size before relaxing)
 .comment       0x00000043        0x0 ./Core/Src/stm32l0xx_hal_msp.o
                                 0x44 (size before relaxing)
 .comment       0x00000043        0x0 ./Core/Src/stm32l0xx_it.o
                                 0x44 (size before relaxing)
 .comment       0x00000043        0x0 ./Core/Src/sysmem.o
                                 0x44 (size before relaxing)
 .comment       0x00000043        0x0 ./Core/Src/system_stm32l0xx.o
                                 0x44 (size before relaxing)
 .comment       0x00000043        0x0 ./Drivers/STM32L0xx_HAL_Driver/Src/stm32l0xx_hal.o
                                 0x44 (size before relaxing)
 .comment       0x00000043        0x0 ./Drivers/STM32L0xx_HAL_Driver/Src/stm32l0xx_hal_cortex.o
                                 0x44 (size before relaxing)
 .comment       0x00000043        0x0 ./Drivers/STM32L0xx_HAL_Driver/Src/stm32l0xx_hal_dma.o
                                 0x44 (size before relaxing)
 .comment       0x00000043        0x0 ./Drivers/STM32L0xx_HAL_Driver/Src/stm32l0xx_hal_gpio.o
                                 0x44 (size before relaxing)
 .comment       0x00000043        0x0 ./Drivers/STM32L0xx_HAL_Driver/Src/stm32l0xx_hal_rcc.o
                                 0x44 (size before relaxing)
 .comment       0x00000043        0x0 ./Drivers/STM32L0xx_HAL_Driver/Src/stm32l0xx_hal_rcc_ex.o
                                 0x44 (size before relaxing)
 .comment       0x00000043        0x0 ./Drivers/STM32L0xx_HAL_Driver/Src/stm32l0xx_hal_uart.o
                                 0x44 (size before relaxing)
 .comment       0x00000043        0x0 ./Drivers/STM32L0xx_HAL_Driver/Src/stm32l0xx_hal_uart_ex.o
                                 0x44 (size before relaxing)

.debug_frame    0x00000000     0x2260
 .debug_frame   0x00000000       0x90 ./Core/Src/ESP8266_HAL.o
 .debug_frame   0x00000090      0x1ec ./Core/Src/UartRingbuffer_multi.o
 .debug_frame   0x0000027c       0xc0 ./Core/Src/main.o
 .debug_frame   0x0000033c       0x6c ./Core/Src/stm32l0xx_hal_msp.o
 .debug_frame   0x000003a8       0xd4 ./Core/Src/stm32l0xx_it.o
 .debug_frame   0x0000047c       0x30 ./Core/Src/sysmem.o
 .debug_frame   0x000004ac       0x4c ./Core/Src/system_stm32l0xx.o
 .debug_frame   0x000004f8      0x394 ./Drivers/STM32L0xx_HAL_Driver/Src/stm32l0xx_hal.o
 .debug_frame   0x0000088c      0x33c ./Drivers/STM32L0xx_HAL_Driver/Src/stm32l0xx_hal_cortex.o
 .debug_frame   0x00000bc8      0x1b0 ./Drivers/STM32L0xx_HAL_Driver/Src/stm32l0xx_hal_dma.o
 .debug_frame   0x00000d78      0x110 ./Drivers/STM32L0xx_HAL_Driver/Src/stm32l0xx_hal_gpio.o
 .debug_frame   0x00000e88      0x1a4 ./Drivers/STM32L0xx_HAL_Driver/Src/stm32l0xx_hal_rcc.o
 .debug_frame   0x0000102c      0x244 ./Drivers/STM32L0xx_HAL_Driver/Src/stm32l0xx_hal_rcc_ex.o
 .debug_frame   0x00001270      0x854 ./Drivers/STM32L0xx_HAL_Driver/Src/stm32l0xx_hal_uart.o
 .debug_frame   0x00001ac4      0x1b4 ./Drivers/STM32L0xx_HAL_Driver/Src/stm32l0xx_hal_uart_ex.o
 .debug_frame   0x00001c78      0x138 C:/Users/lucad/OneDrive/Desktop/SCUOLA/SCUOLA a.s. 2025_26 IV^/STM32/STM32CubeIDE_2.0.0/STM32CubeIDE/plugins/com.st.stm32cube.ide.mcu.externaltools.gnu-tools-for-stm32.13.3.rel1.win32_1.0.100.202509120712/tools/bin/../lib/gcc/arm-none-eabi/13.3.1/../../../../arm-none-eabi/lib/thumb/v6-m/nofp\libc_nano.a(libc_a-findfp.o)
 .debug_frame   0x00001db0       0x50 C:/Users/lucad/OneDrive/Desktop/SCUOLA/SCUOLA a.s. 2025_26 IV^/STM32/STM32CubeIDE_2.0.0/STM32CubeIDE/plugins/com.st.stm32cube.ide.mcu.externaltools.gnu-tools-for-stm32.13.3.rel1.win32_1.0.100.202509120712/tools/bin/../lib/gcc/arm-none-eabi/13.3.1/../../../../arm-none-eabi/lib/thumb/v6-m/nofp\libc_nano.a(libc_a-sprintf.o)
 .debug_frame   0x00001e00       0x20 C:/Users/lucad/OneDrive/Desktop/SCUOLA/SCUOLA a.s. 2025_26 IV^/STM32/STM32CubeIDE_2.0.0/STM32CubeIDE/plugins/com.st.stm32cube.ide.mcu.externaltools.gnu-tools-for-stm32.13.3.rel1.win32_1.0.100.202509120712/tools/bin/../lib/gcc/arm-none-eabi/13.3.1/../../../../arm-none-eabi/lib/thumb/v6-m/nofp\libc_nano.a(libc_a-memset.o)
 .debug_frame   0x00001e20       0x28 C:/Users/lucad/OneDrive/Desktop/SCUOLA/SCUOLA a.s. 2025_26 IV^/STM32/STM32CubeIDE_2.0.0/STM32CubeIDE/plugins/com.st.stm32cube.ide.mcu.externaltools.gnu-tools-for-stm32.13.3.rel1.win32_1.0.100.202509120712/tools/bin/../lib/gcc/arm-none-eabi/13.3.1/../../../../arm-none-eabi/lib/thumb/v6-m/nofp\libc_nano.a(libc_a-strcat.o)
 .debug_frame   0x00001e48       0x2c C:/Users/lucad/OneDrive/Desktop/SCUOLA/SCUOLA a.s. 2025_26 IV^/STM32/STM32CubeIDE_2.0.0/STM32CubeIDE/plugins/com.st.stm32cube.ide.mcu.externaltools.gnu-tools-for-stm32.13.3.rel1.win32_1.0.100.202509120712/tools/bin/../lib/gcc/arm-none-eabi/13.3.1/../../../../arm-none-eabi/lib/thumb/v6-m/nofp\libc_nano.a(libc_a-reent.o)
 .debug_frame   0x00001e74       0x20 C:/Users/lucad/OneDrive/Desktop/SCUOLA/SCUOLA a.s. 2025_26 IV^/STM32/STM32CubeIDE_2.0.0/STM32CubeIDE/plugins/com.st.stm32cube.ide.mcu.externaltools.gnu-tools-for-stm32.13.3.rel1.win32_1.0.100.202509120712/tools/bin/../lib/gcc/arm-none-eabi/13.3.1/../../../../arm-none-eabi/lib/thumb/v6-m/nofp\libc_nano.a(libc_a-errno.o)
 .debug_frame   0x00001e94       0x2c C:/Users/lucad/OneDrive/Desktop/SCUOLA/SCUOLA a.s. 2025_26 IV^/STM32/STM32CubeIDE_2.0.0/STM32CubeIDE/plugins/com.st.stm32cube.ide.mcu.externaltools.gnu-tools-for-stm32.13.3.rel1.win32_1.0.100.202509120712/tools/bin/../lib/gcc/arm-none-eabi/13.3.1/../../../../arm-none-eabi/lib/thumb/v6-m/nofp\libc_nano.a(libc_a-init.o)
 .debug_frame   0x00001ec0       0xb0 C:/Users/lucad/OneDrive/Desktop/SCUOLA/SCUOLA a.s. 2025_26 IV^/STM32/STM32CubeIDE_2.0.0/STM32CubeIDE/plugins/com.st.stm32cube.ide.mcu.externaltools.gnu-tools-for-stm32.13.3.rel1.win32_1.0.100.202509120712/tools/bin/../lib/gcc/arm-none-eabi/13.3.1/../../../../arm-none-eabi/lib/thumb/v6-m/nofp\libc_nano.a(libc_a-lock.o)
 .debug_frame   0x00001f70       0x20 C:/Users/lucad/OneDrive/Desktop/SCUOLA/SCUOLA a.s. 2025_26 IV^/STM32/STM32CubeIDE_2.0.0/STM32CubeIDE/plugins/com.st.stm32cube.ide.mcu.externaltools.gnu-tools-for-stm32.13.3.rel1.win32_1.0.100.202509120712/tools/bin/../lib/gcc/arm-none-eabi/13.3.1/../../../../arm-none-eabi/lib/thumb/v6-m/nofp\libc_nano.a(libc_a-strcmp.o)
 .debug_frame   0x00001f90       0x2c C:/Users/lucad/OneDrive/Desktop/SCUOLA/SCUOLA a.s. 2025_26 IV^/STM32/STM32CubeIDE_2.0.0/STM32CubeIDE/plugins/com.st.stm32cube.ide.mcu.externaltools.gnu-tools-for-stm32.13.3.rel1.win32_1.0.100.202509120712/tools/bin/../lib/gcc/arm-none-eabi/13.3.1/../../../../arm-none-eabi/lib/thumb/v6-m/nofp\libc_nano.a(libc_a-freer.o)
 .debug_frame   0x00001fbc       0x50 C:/Users/lucad/OneDrive/Desktop/SCUOLA/SCUOLA a.s. 2025_26 IV^/STM32/STM32CubeIDE_2.0.0/STM32CubeIDE/plugins/com.st.stm32cube.ide.mcu.externaltools.gnu-tools-for-stm32.13.3.rel1.win32_1.0.100.202509120712/tools/bin/../lib/gcc/arm-none-eabi/13.3.1/../../../../arm-none-eabi/lib/thumb/v6-m/nofp\libc_nano.a(libc_a-mallocr.o)
 .debug_frame   0x0000200c       0x40 C:/Users/lucad/OneDrive/Desktop/SCUOLA/SCUOLA a.s. 2025_26 IV^/STM32/STM32CubeIDE_2.0.0/STM32CubeIDE/plugins/com.st.stm32cube.ide.mcu.externaltools.gnu-tools-for-stm32.13.3.rel1.win32_1.0.100.202509120712/tools/bin/../lib/gcc/arm-none-eabi/13.3.1/../../../../arm-none-eabi/lib/thumb/v6-m/nofp\libc_nano.a(libc_a-mlock.o)
 .debug_frame   0x0000204c       0x74 C:/Users/lucad/OneDrive/Desktop/SCUOLA/SCUOLA a.s. 2025_26 IV^/STM32/STM32CubeIDE_2.0.0/STM32CubeIDE/plugins/com.st.stm32cube.ide.mcu.externaltools.gnu-tools-for-stm32.13.3.rel1.win32_1.0.100.202509120712/tools/bin/../lib/gcc/arm-none-eabi/13.3.1/../../../../arm-none-eabi/lib/thumb/v6-m/nofp\libc_nano.a(libc_a-nano-svfprintf.o)
 .debug_frame   0x000020c0       0x54 C:/Users/lucad/OneDrive/Desktop/SCUOLA/SCUOLA a.s. 2025_26 IV^/STM32/STM32CubeIDE_2.0.0/STM32CubeIDE/plugins/com.st.stm32cube.ide.mcu.externaltools.gnu-tools-for-stm32.13.3.rel1.win32_1.0.100.202509120712/tools/bin/../lib/gcc/arm-none-eabi/13.3.1/../../../../arm-none-eabi/lib/thumb/v6-m/nofp\libc_nano.a(libc_a-nano-vfprintf_i.o)
 .debug_frame   0x00002114       0x28 C:/Users/lucad/OneDrive/Desktop/SCUOLA/SCUOLA a.s. 2025_26 IV^/STM32/STM32CubeIDE_2.0.0/STM32CubeIDE/plugins/com.st.stm32cube.ide.mcu.externaltools.gnu-tools-for-stm32.13.3.rel1.win32_1.0.100.202509120712/tools/bin/../lib/gcc/arm-none-eabi/13.3.1/../../../../arm-none-eabi/lib/thumb/v6-m/nofp\libc_nano.a(libc_a-memmove.o)
 .debug_frame   0x0000213c       0x2c C:/Users/lucad/OneDrive/Desktop/SCUOLA/SCUOLA a.s. 2025_26 IV^/STM32/STM32CubeIDE_2.0.0/STM32CubeIDE/plugins/com.st.stm32cube.ide.mcu.externaltools.gnu-tools-for-stm32.13.3.rel1.win32_1.0.100.202509120712/tools/bin/../lib/gcc/arm-none-eabi/13.3.1/../../../../arm-none-eabi/lib/thumb/v6-m/nofp\libc_nano.a(libc_a-sbrkr.o)
 .debug_frame   0x00002168       0x20 C:/Users/lucad/OneDrive/Desktop/SCUOLA/SCUOLA a.s. 2025_26 IV^/STM32/STM32CubeIDE_2.0.0/STM32CubeIDE/plugins/com.st.stm32cube.ide.mcu.externaltools.gnu-tools-for-stm32.13.3.rel1.win32_1.0.100.202509120712/tools/bin/../lib/gcc/arm-none-eabi/13.3.1/../../../../arm-none-eabi/lib/thumb/v6-m/nofp\libc_nano.a(libc_a-memchr-stub.o)
 .debug_frame   0x00002188       0x28 C:/Users/lucad/OneDrive/Desktop/SCUOLA/SCUOLA a.s. 2025_26 IV^/STM32/STM32CubeIDE_2.0.0/STM32CubeIDE/plugins/com.st.stm32cube.ide.mcu.externaltools.gnu-tools-for-stm32.13.3.rel1.win32_1.0.100.202509120712/tools/bin/../lib/gcc/arm-none-eabi/13.3.1/../../../../arm-none-eabi/lib/thumb/v6-m/nofp\libc_nano.a(libc_a-memcpy-stub.o)
 .debug_frame   0x000021b0       0x34 C:/Users/lucad/OneDrive/Desktop/SCUOLA/SCUOLA a.s. 2025_26 IV^/STM32/STM32CubeIDE_2.0.0/STM32CubeIDE/plugins/com.st.stm32cube.ide.mcu.externaltools.gnu-tools-for-stm32.13.3.rel1.win32_1.0.100.202509120712/tools/bin/../lib/gcc/arm-none-eabi/13.3.1/../../../../arm-none-eabi/lib/thumb/v6-m/nofp\libc_nano.a(libc_a-reallocr.o)
 .debug_frame   0x000021e4       0x20 C:/Users/lucad/OneDrive/Desktop/SCUOLA/SCUOLA a.s. 2025_26 IV^/STM32/STM32CubeIDE_2.0.0/STM32CubeIDE/plugins/com.st.stm32cube.ide.mcu.externaltools.gnu-tools-for-stm32.13.3.rel1.win32_1.0.100.202509120712/tools/bin/../lib/gcc/arm-none-eabi/13.3.1/../../../../arm-none-eabi/lib/thumb/v6-m/nofp\libc_nano.a(libc_a-msizer.o)
 .debug_frame   0x00002204       0x20 C:/Users/lucad/OneDrive/Desktop/SCUOLA/SCUOLA a.s. 2025_26 IV^/STM32/STM32CubeIDE_2.0.0/STM32CubeIDE/plugins/com.st.stm32cube.ide.mcu.externaltools.gnu-tools-for-stm32.13.3.rel1.win32_1.0.100.202509120712/tools/bin/../lib/gcc/arm-none-eabi/13.3.1/thumb/v6-m/nofp\libgcc.a(_udivsi3.o)
 .debug_frame   0x00002224       0x3c C:/Users/lucad/OneDrive/Desktop/SCUOLA/SCUOLA a.s. 2025_26 IV^/STM32/STM32CubeIDE_2.0.0/STM32CubeIDE/plugins/com.st.stm32cube.ide.mcu.externaltools.gnu-tools-for-stm32.13.3.rel1.win32_1.0.100.202509120712/tools/bin/../lib/gcc/arm-none-eabi/13.3.1/thumb/v6-m/nofp\libgcc.a(_udivmoddi4.o)

.debug_line_str
                0x00000000       0x5d
 .debug_line_str
                0x00000000       0x5d ./Core/Startup/startup_stm32l073rztx.o
